Component: ARM Compiler 5.06 update 7 (build 960) Tool: armlink [4d3601]

==============================================================================

Section Cross References

    main.o(i.main) refers to misc.o(i.NVIC_PriorityGroupConfig) for NVIC_PriorityGroupConfig
    main.o(i.main) refers to delay.o(i.delay_init) for delay_init
    main.o(i.main) refers to led.o(i.LED_Init) for LED_Init
    main.o(i.main) refers to tasks.o(i.xTaskCreate) for xTaskCreate
    main.o(i.main) refers to tasks.o(i.vTaskStartScheduler) for vTaskStartScheduler
    main.o(i.main) refers to lcd.o(.data) for POINT_COLOR
    main.o(i.main) refers to main.o(.data) for .data
    main.o(i.main) refers to main.o(i.start_task) for start_task
    main.o(i.start_task) refers to port.o(i.vPortEnterCritical) for vPortEnterCritical
    main.o(i.start_task) refers to tasks.o(i.xTaskCreate) for xTaskCreate
    main.o(i.start_task) refers to tasks.o(i.vTaskDelete) for vTaskDelete
    main.o(i.start_task) refers to port.o(i.vPortExitCritical) for vPortExitCritical
    main.o(i.start_task) refers to main.o(.data) for .data
    main.o(i.start_task) refers to main.o(i.task1_task) for task1_task
    main.o(i.start_task) refers to main.o(i.task2_task) for task2_task
    main.o(i.task1_task) refers to tasks.o(i.vTaskDelay) for vTaskDelay
    main.o(i.task2_task) refers to tasks.o(i.vTaskDelay) for vTaskDelay
    system_stm32f4xx.o(i.SystemCoreClockUpdate) refers to system_stm32f4xx.o(.data) for .data
    system_stm32f4xx.o(i.SystemInit) refers to system_stm32f4xx.o(i.SetSysClock) for SetSysClock
    led.o(i.LED_Init) refers to stm32f4xx_rcc.o(i.RCC_AHB1PeriphClockCmd) for RCC_AHB1PeriphClockCmd
    led.o(i.LED_Init) refers to stm32f4xx_gpio.o(i.GPIO_Init) for GPIO_Init
    led.o(i.LED_Init) refers to stm32f4xx_gpio.o(i.GPIO_SetBits) for GPIO_SetBits
    timer.o(i.TIM3_IRQHandler) refers to stm32f4xx_tim.o(i.TIM_GetITStatus) for TIM_GetITStatus
    timer.o(i.TIM3_IRQHandler) refers to noretval__2printf.o(.text) for __2printf
    timer.o(i.TIM3_IRQHandler) refers to stm32f4xx_tim.o(i.TIM_ClearITPendingBit) for TIM_ClearITPendingBit
    timer.o(i.TIM3_Int_Init) refers to stm32f4xx_rcc.o(i.RCC_APB1PeriphClockCmd) for RCC_APB1PeriphClockCmd
    timer.o(i.TIM3_Int_Init) refers to stm32f4xx_tim.o(i.TIM_TimeBaseInit) for TIM_TimeBaseInit
    timer.o(i.TIM3_Int_Init) refers to stm32f4xx_tim.o(i.TIM_ITConfig) for TIM_ITConfig
    timer.o(i.TIM3_Int_Init) refers to stm32f4xx_tim.o(i.TIM_Cmd) for TIM_Cmd
    timer.o(i.TIM3_Int_Init) refers to misc.o(i.NVIC_Init) for NVIC_Init
    timer.o(i.TIM5_IRQHandler) refers to stm32f4xx_tim.o(i.TIM_GetITStatus) for TIM_GetITStatus
    timer.o(i.TIM5_IRQHandler) refers to noretval__2printf.o(.text) for __2printf
    timer.o(i.TIM5_IRQHandler) refers to stm32f4xx_tim.o(i.TIM_ClearITPendingBit) for TIM_ClearITPendingBit
    timer.o(i.TIM5_Int_Init) refers to stm32f4xx_rcc.o(i.RCC_APB1PeriphClockCmd) for RCC_APB1PeriphClockCmd
    timer.o(i.TIM5_Int_Init) refers to stm32f4xx_tim.o(i.TIM_TimeBaseInit) for TIM_TimeBaseInit
    timer.o(i.TIM5_Int_Init) refers to stm32f4xx_tim.o(i.TIM_ITConfig) for TIM_ITConfig
    timer.o(i.TIM5_Int_Init) refers to stm32f4xx_tim.o(i.TIM_Cmd) for TIM_Cmd
    timer.o(i.TIM5_Int_Init) refers to misc.o(i.NVIC_Init) for NVIC_Init
    lcd.o(i.LCD_Clear) refers to lcd.o(i.LCD_SetCursor) for LCD_SetCursor
    lcd.o(i.LCD_Clear) refers to lcd.o(i.LCD_WriteRAM_Prepare) for LCD_WriteRAM_Prepare
    lcd.o(i.LCD_Clear) refers to lcd.o(.bss) for .bss
    lcd.o(i.LCD_Color_Fill) refers to lcd.o(i.LCD_SetCursor) for LCD_SetCursor
    lcd.o(i.LCD_Color_Fill) refers to lcd.o(i.LCD_WriteRAM_Prepare) for LCD_WriteRAM_Prepare
    lcd.o(i.LCD_DisplayOff) refers to lcd.o(i.LCD_WriteReg) for LCD_WriteReg
    lcd.o(i.LCD_DisplayOff) refers to lcd.o(i.LCD_WR_REG) for LCD_WR_REG
    lcd.o(i.LCD_DisplayOff) refers to lcd.o(.bss) for .bss
    lcd.o(i.LCD_DisplayOn) refers to lcd.o(i.LCD_WriteReg) for LCD_WriteReg
    lcd.o(i.LCD_DisplayOn) refers to lcd.o(i.LCD_WR_REG) for LCD_WR_REG
    lcd.o(i.LCD_DisplayOn) refers to lcd.o(.bss) for .bss
    lcd.o(i.LCD_Display_Dir) refers to lcd.o(i.LCD_Scan_Dir) for LCD_Scan_Dir
    lcd.o(i.LCD_Display_Dir) refers to lcd.o(.bss) for .bss
    lcd.o(i.LCD_DrawLine) refers to lcd.o(i.LCD_DrawPoint) for LCD_DrawPoint
    lcd.o(i.LCD_DrawPoint) refers to lcd.o(i.LCD_SetCursor) for LCD_SetCursor
    lcd.o(i.LCD_DrawPoint) refers to lcd.o(i.LCD_WriteRAM_Prepare) for LCD_WriteRAM_Prepare
    lcd.o(i.LCD_DrawPoint) refers to lcd.o(.data) for .data
    lcd.o(i.LCD_DrawRectangle) refers to lcd.o(i.LCD_DrawLine) for LCD_DrawLine
    lcd.o(i.LCD_Draw_Circle) refers to lcd.o(i.LCD_DrawPoint) for LCD_DrawPoint
    lcd.o(i.LCD_Fast_DrawPoint) refers to lcd.o(i.LCD_WR_REG) for LCD_WR_REG
    lcd.o(i.LCD_Fast_DrawPoint) refers to lcd.o(i.LCD_WR_DATA) for LCD_WR_DATA
    lcd.o(i.LCD_Fast_DrawPoint) refers to lcd.o(i.LCD_WriteReg) for LCD_WriteReg
[...]
    ..\FWLIB\src\stm32f4xx_syscfg.c          0x00000000   Number         0  stm32f4xx_syscfg.o ABSOLUTE
    ..\FWLIB\src\stm32f4xx_tim.c             0x00000000   Number         0  stm32f4xx_tim.o ABSOLUTE
    ..\FWLIB\src\stm32f4xx_usart.c           0x00000000   Number         0  stm32f4xx_usart.o ABSOLUTE
    ..\FreeRTOS\croutine.c                   0x00000000   Number         0  croutine.o ABSOLUTE
    ..\FreeRTOS\event_groups.c               0x00000000   Number         0  event_groups.o ABSOLUTE
    ..\FreeRTOS\list.c                       0x00000000   Number         0  list.o ABSOLUTE
    ..\FreeRTOS\portable\MemMang\heap_4.c    0x00000000   Number         0  heap_4.o ABSOLUTE
    ..\FreeRTOS\portable\RVDS\ARM_CM4F\port.c 0x00000000   Number         0  port.o ABSOLUTE
    ..\FreeRTOS\queue.c                      0x00000000   Number         0  queue.o ABSOLUTE
    ..\FreeRTOS\tasks.c                      0x00000000   Number         0  tasks.o ABSOLUTE
    ..\FreeRTOS\timers.c                     0x00000000   Number         0  timers.o ABSOLUTE
    ..\HARDWARE\LCD\lcd.c                    0x00000000   Number         0  lcd.o ABSOLUTE
    ..\HARDWARE\LED\led.c                    0x00000000   Number         0  led.o ABSOLUTE
    ..\HARDWARE\Moto\Moto.c                  0x00000000   Number         0  moto.o ABSOLUTE
    ..\HARDWARE\Serial\Serial.c              0x00000000   Number         0  serial.o ABSOLUTE
    ..\HARDWARE\Servo\Servo.c                0x00000000   Number         0  servo.o ABSOLUTE
    ..\HARDWARE\TIMER\timer.c                0x00000000   Number         0  timer.o ABSOLUTE
    ..\HARDWARE\Voice\Voice.c                0x00000000   Number         0  voice.o ABSOLUTE
    ..\SYSTEM\delay\delay.c                  0x00000000   Number         0  delay.o ABSOLUTE
    ..\SYSTEM\sys\sys.c                      0x00000000   Number         0  sys.o ABSOLUTE
    ..\SYSTEM\usart\usart.c                  0x00000000   Number         0  usart.o ABSOLUTE
    ..\\FWLIB\\src\\misc.c                   0x00000000   Number         0  misc.o ABSOLUTE
    ..\\FWLIB\\src\\stm32f4xx_fsmc.c         0x00000000   Number         0  stm32f4xx_fsmc.o ABSOLUTE
    ..\\FWLIB\\src\\stm32f4xx_gpio.c         0x00000000   Number         0  stm32f4xx_gpio.o ABSOLUTE
    ..\\FWLIB\\src\\stm32f4xx_rcc.c          0x00000000   Number         0  stm32f4xx_rcc.o ABSOLUTE
    ..\\FWLIB\\src\\stm32f4xx_syscfg.c       0x00000000   Number         0  stm32f4xx_syscfg.o ABSOLUTE
    ..\\FWLIB\\src\\stm32f4xx_tim.c          0x00000000   Number         0  stm32f4xx_tim.o ABSOLUTE
    ..\\FWLIB\\src\\stm32f4xx_usart.c        0x00000000   Number         0  stm32f4xx_usart.o ABSOLUTE
    ..\\FreeRTOS\\croutine.c                 0x00000000   Number         0  croutine.o ABSOLUTE
    ..\\FreeRTOS\\event_groups.c             0x00000000   Number         0  event_groups.o ABSOLUTE
    ..\\FreeRTOS\\list.c                     0x00000000   Number         0  list.o ABSOLUTE
    ..\\FreeRTOS\\portable\\MemMang\\heap_4.c 0x00000000   Number         0  heap_4.o ABSOLUTE
    ..\\FreeRTOS\\portable\\RVDS\\ARM_CM4F\\port.c 0x00000000   Number         0  port.o ABSOLUTE
    ..\\FreeRTOS\\queue.c                    0x00000000   Number         0  queue.o ABSOLUTE
    ..\\FreeRTOS\\tasks.c                    0x00000000   Number         0  tasks.o ABSOLUTE
    ..\\FreeRTOS\\timers.c                   0x00000000   Number         0  timers.o ABSOLUTE
    ..\\HARDWARE\\LCD\\lcd.c                 0x00000000   Number         0  lcd.o ABSOLUTE
    ..\\HARDWARE\\LED\\led.c                 0x00000000   Number         0  led.o ABSOLUTE
    ..\\HARDWARE\\Moto\\Moto.c               0x00000000   Number         0  moto.o ABSOLUTE
    ..\\HARDWARE\\Serial\\Serial.c           0x00000000   Number         0  serial.o ABSOLUTE
    ..\\HARDWARE\\Servo\\Servo.c             0x00000000   Number         0  servo.o ABSOLUTE
    ..\\HARDWARE\\TIMER\\timer.c             0x00000000   Number         0  timer.o ABSOLUTE
    ..\\HARDWARE\\Voice\\Voice.c             0x00000000   Number         0  voice.o ABSOLUTE
    ..\\SYSTEM\\delay\\delay.c               0x00000000   Number         0  delay.o ABSOLUTE
    ..\\SYSTEM\\sys\\sys.c                   0x00000000   Number         0  sys.o ABSOLUTE
    ..\\SYSTEM\\usart\\usart.c               0x00000000   Number         0  usart.o ABSOLUTE
    dc.s                                     0x00000000   Number         0  dc.o ABSOLUTE
    main.c                                   0x00000000   Number         0  main.o ABSOLUTE
    main.c                                   0x00000000   Number         0  main.o ABSOLUTE
    stm32f4xx_it.c                           0x00000000   Number         0  stm32f4xx_it.o ABSOLUTE
    stm32f4xx_it.c                           0x00000000   Number         0  stm32f4xx_it.o ABSOLUTE
    system_stm32f4xx.c                       0x00000000   Number         0  system_stm32f4xx.o ABSOLUTE
    system_stm32f4xx.c                       0x00000000   Number         0  system_stm32f4xx.o ABSOLUTE
    RESET                                    0x08000000   Section      392  startup_stm32f40_41xxx.o(RESET)
    !!!main                                  0x08000188   Section        8  __main.o(!!!main)
    !!!scatter                               0x08000190   Section       52  __scatter.o(!!!scatter)
    !!handler_copy                           0x080001c4   Section       26  __scatter_copy.o(!!handler_copy)
    !!handler_zi                             0x080001e0   Section       28  __scatter_zi.o(!!handler_zi)
    .ARM.Collect$$_printf_percent$$00000000  0x080001fc   Section        0  _printf_percent.o(.ARM.Collect$$_printf_percent$$00000000)
    .ARM.Collect$$_printf_percent$$00000009  0x080001fc   Section        6  _printf_d.o(.ARM.Collect$$_printf_percent$$00000009)
    .ARM.Collect$$_printf_percent$$00000014  0x08000202   Section        6  _printf_s.o(.ARM.Collect$$_printf_percent$$00000014)
    .ARM.Collect$$_printf_percent$$00000017  0x08000208   Section        4  _printf_percent_end.o(.ARM.Collect$$_printf_percent$$00000017)
    .ARM.Collect$$libinit$$00000000          0x0800020c   Section        2  libinit.o(.ARM.Collect$$libinit$$00000000)
    .ARM.Collect$$libinit$$00000001          0x0800020e   Section        4  libinit2.o(.ARM.Collect$$libinit$$00000001)
    .ARM.Collect$$libinit$$00000004          0x08000212   Section        0  libinit2.o(.ARM.Collect$$libinit$$00000004)
    .ARM.Collect$$libinit$$0000000A          0x08000212   Section        0  libinit2.o(.ARM.Collect$$libinit$$0000000A)
    .ARM.Collect$$libinit$$0000000C          0x08000212   Section        0  libinit2.o(.ARM.Collect$$libinit$$0000000C)
    .ARM.Collect$$libinit$$0000000E          0x08000212   Section        0  libinit2.o(.ARM.Collect$$libinit$$0000000E)
    .ARM.Collect$$libinit$$00000011          0x08000212   Section        0  libinit2.o(.ARM.Collect$$libinit$$00000011)
    .ARM.Collect$$libinit$$00000013          0x08000212   Section        0  libinit2.o(.ARM.Collect$$libinit$$00000013)
    .ARM.Collect$$libinit$$00000015          0x08000212   Section        0  libinit2.o(.ARM.Collect$$libinit$$00000015)
    .ARM.Collect$$libinit$$00000017          0x08000212   Section        0  libinit2.o(.ARM.Collect$$libinit$$00000017)
    .ARM.Collect$$libinit$$00000019          0x08000212   Section        0  libinit2.o(.ARM.Collect$$libinit$$00000019)
    .ARM.Collect$$libinit$$0000001B          0x08000212   Section        0  libinit2.o(.ARM.Collect$$libinit$$0000001B)
    .ARM.Collect$$libinit$$0000001D          0x08000212   Section        0  libinit2.o(.ARM.Collect$$libinit$$0000001D)
    .ARM.Collect$$libinit$$0000001F          0x08000212   Section        0  libinit2.o(.ARM.Collect$$libinit$$0000001F)
    .ARM.Collect$$libinit$$00000021          0x08000212   Section        0  libinit2.o(.ARM.Collect$$libinit$$00000021)
    .ARM.Collect$$libinit$$00000023          0x08000212   Section        0  libinit2.o(.ARM.Collect$$libinit$$00000023)
    .ARM.Collect$$libinit$$00000025          0x08000212   Section        0  libinit2.o(.ARM.Collect$$libinit$$00000025)
    .ARM.Collect$$libinit$$0000002C          0x08000212   Section        0  libinit2.o(.ARM.Collect$$libinit$$0000002C)
    .ARM.Collect$$libinit$$0000002E          0x08000212   Section        0  libinit2.o(.ARM.Collect$$libinit$$0000002E)
    .ARM.Collect$$libinit$$00000030          0x08000212   Section        0  libinit2.o(.ARM.Collect$$libinit$$00000030)
    .ARM.Collect$$libinit$$00000032          0x08000212   Section        0  libinit2.o(.ARM.Collect$$libinit$$00000032)
    .ARM.Collect$$libinit$$00000033          0x08000212   Section        2  libinit2.o(.ARM.Collect$$libinit$$00000033)
    .ARM.Collect$$libshutdown$$00000000      0x08000214   Section        2  libshutdown.o(.ARM.Collect$$libshutdown$$00000000)
    .ARM.Collect$$libshutdown$$00000002      0x08000216   Section        0  libshutdown2.o(.ARM.Collect$$libshutdown$$00000002)
    .ARM.Collect$$libshutdown$$00000004      0x08000216   Section        0  libshutdown2.o(.ARM.Collect$$libshutdown$$00000004)
    .ARM.Collect$$libshutdown$$00000006      0x08000216   Section        0  libshutdown2.o(.ARM.Collect$$libshutdown$$00000006)
    .ARM.Collect$$libshutdown$$00000009      0x08000216   Section        0  libshutdown2.o(.ARM.Collect$$libshutdown$$00000009)
    .ARM.Collect$$libshutdown$$0000000C      0x08000216   Section        0  libshutdown2.o(.ARM.Collect$$libshutdown$$0000000C)
    .ARM.Collect$$libshutdown$$0000000E      0x08000216   Section        0  libshutdown2.o(.ARM.Collect$$libshutdown$$0000000E)
    .ARM.Collect$$libshutdown$$00000011      0x08000216   Section        0  libshutdown2.o(.ARM.Collect$$libshutdown$$00000011)
    .ARM.Collect$$libshutdown$$00000012      0x08000216   Section        2  libshutdown2.o(.ARM.Collect$$libshutdown$$00000012)
    .ARM.Collect$$rtentry$$00000000          0x08000218   Section        0  __rtentry.o(.ARM.Collect$$rtentry$$00000000)
    .ARM.Collect$$rtentry$$00000002          0x08000218   Section        0  __rtentry2.o(.ARM.Collect$$rtentry$$00000002)
    .ARM.Collect$$rtentry$$00000004          0x08000218   Section        6  __rtentry4.o(.ARM.Collect$$rtentry$$00000004)
    .ARM.Collect$$rtentry$$00000009          0x0800021e   Section        0  __rtentry2.o(.ARM.Collect$$rtentry$$00000009)
    .ARM.Collect$$rtentry$$0000000A          0x0800021e   Section        4  __rtentry2.o(.ARM.Collect$$rtentry$$0000000A)
    .ARM.Collect$$rtentry$$0000000C          0x08000222   Section        0  __rtentry2.o(.ARM.Collect$$rtentry$$0000000C)
    .ARM.Collect$$rtentry$$0000000D          0x08000222   Section        8  __rtentry2.o(.ARM.Collect$$rtentry$$0000000D)
    .ARM.Collect$$rtexit$$00000000           0x0800022a   Section        2  rtexit.o(.ARM.Collect$$rtexit$$00000000)
    .ARM.Collect$$rtexit$$00000002           0x0800022c   Section        0  rtexit2.o(.ARM.Collect$$rtexit$$00000002)
    .ARM.Collect$$rtexit$$00000003           0x0800022c   Section        4  rtexit2.o(.ARM.Collect$$rtexit$$00000003)
    .ARM.Collect$$rtexit$$00000004           0x08000230   Section        6  rtexit2.o(.ARM.Collect$$rtexit$$00000004)
    .emb_text                                0x08000238   Section      182  port.o(.emb_text)
    $v0                                      0x08000238   Number         0  port.o(.emb_text)
    .text                                    0x080002f0   Section       64  startup_stm32f40_41xxx.o(.text)
    $v0                                      0x080002f0   Number         0  startup_stm32f40_41xxx.o(.text)
    .text                                    0x08000330   Section        2  use_no_semi_2.o(.text)
    .text                                    0x08000334   Section        0  noretval__2printf.o(.text)
    .text                                    0x0800034c   Section        0  __printf.o(.text)
    .text                                    0x080003b4   Section        0  _printf_str.o(.text)
    .text                                    0x08000408   Section        0  _printf_dec.o(.text)
    .text                                    0x08000480   Section      138  rt_memcpy_v6.o(.text)
    .text                                    0x0800050a   Section       16  aeabi_memset.o(.text)
    .text                                    0x0800051a   Section        0  heapauxi.o(.text)
    .text                                    0x08000520   Section        2  use_no_semi.o(.text)
    .text                                    0x08000522   Section        0  _printf_intcommon.o(.text)
    .text                                    0x080005d4   Section        0  _printf_char_common.o(.text)
    _printf_input_char                       0x080005d5   Thumb Code    10  _printf_char_common.o(.text)
    .text                                    0x08000604   Section        0  _printf_char.o(.text)
    .text                                    0x08000630   Section        0  _printf_char_file.o(.text)
    .text                                    0x08000654   Section      100  rt_memcpy_w.o(.text)
    .text                                    0x080006b8   Section       68  rt_memclr.o(.text)
    .text                                    0x080006fc   Section        0  ferror.o(.text)
    .text                                    0x08000704   Section       78  rt_memclr_w.o(.text)
    .text                                    0x08000752   Section       74  sys_stackheap_outer.o(.text)
    .text                                    0x0800079c   Section        0  exit.o(.text)
    .text                                    0x080007b0   Section        8  libspace.o(.text)
    i.BusFault_Handler                       0x080007b8   Section        0  stm32f4xx_it.o(i.BusFault_Handler)
    i.DebugMon_Handler                       0x080007ba   Section        0  stm32f4xx_it.o(i.DebugMon_Handler)
    i.GPIO_Init                              0x080007bc   Section        0  stm32f4xx_gpio.o(i.GPIO_Init)
    i.GPIO_SetBits                           0x08000834   Section        0  stm32f4xx_gpio.o(i.GPIO_SetBits)
    i.HardFault_Handler                      0x08000838   Section        0  stm32f4xx_it.o(i.HardFault_Handler)
    i.LED_Init                               0x0800083c   Section        0  led.o(i.LED_Init)
    i.MemManage_Handler                      0x0800087c   Section        0  stm32f4xx_it.o(i.MemManage_Handler)
    i.NMI_Handler                            0x0800087e   Section        0  stm32f4xx_it.o(i.NMI_Handler)
    i.NVIC_PriorityGroupConfig               0x08000880   Section        0  misc.o(i.NVIC_PriorityGroupConfig)
    i.RCC_AHB1PeriphClockCmd                 0x08000894   Section        0  stm32f4xx_rcc.o(i.RCC_AHB1PeriphClockCmd)
    i.SetSysClock                            0x080008ac   Section        0  system_stm32f4xx.o(i.SetSysClock)
    SetSysClock                              0x080008ad   Thumb Code   162  system_stm32f4xx.o(i.SetSysClock)
    i.SysTick_CLKSourceConfig                0x08000960   Section        0  misc.o(i.SysTick_CLKSourceConfig)
    i.SysTick_Handler                        0x08000978   Section        0  delay.o(i.SysTick_Handler)
    i.SystemInit                             0x0800098c   Section        0  system_stm32f4xx.o(i.SystemInit)
    i.TIM3_IRQHandler                        0x080009e8   Section        0  timer.o(i.TIM3_IRQHandler)
    i.TIM5_IRQHandler                        0x08000a24   Section        0  timer.o(i.TIM5_IRQHandler)
    i.TIM_ClearITPendingBit                  0x08000a60   Section        0  stm32f4xx_tim.o(i.TIM_ClearITPendingBit)
    i.TIM_GetITStatus                        0x08000a66   Section        0  stm32f4xx_tim.o(i.TIM_GetITStatus)
    i.UART4_IRQHandler                       0x08000a80   Section        0  usart.o(i.UART4_IRQHandler)
    i.UART5_IRQHandler                       0x08000ab0   Section        0  usart.o(i.UART5_IRQHandler)
    i.USART1_IRQHandler                      0x08000ac0   Section        0  usart.o(i.USART1_IRQHandler)
    i.USART2_IRQHandler                      0x08000b94   Section        0  usart.o(i.USART2_IRQHandler)
    i.USART3_IRQHandler                      0x08000bc8   Section        0  usart.o(i.USART3_IRQHandler)
    i.USART6_IRQHandler                      0x08000bf8   Section        0  usart.o(i.USART6_IRQHandler)
    i.USART_ClearITPendingBit                0x08000c20   Section        0  stm32f4xx_usart.o(i.USART_ClearITPendingBit)
    i.USART_GetITStatus                      0x08000c2c   Section        0  stm32f4xx_usart.o(i.USART_GetITStatus)
    i.USART_ReceiveData                      0x08000c6a   Section        0  stm32f4xx_usart.o(i.USART_ReceiveData)
    i.USART_SendData                         0x08000c72   Section        0  stm32f4xx_usart.o(i.USART_SendData)
    i.UsageFault_Handler                     0x08000c7a   Section        0  stm32f4xx_it.o(i.UsageFault_Handler)
    i._sys_exit                              0x08000c7c   Section        0  usart.o(i._sys_exit)
    i.delay_init                             0x08000c80   Section        0  delay.o(i.delay_init)
    i.fputc                                  0x08000cb8   Section        0  usart.o(i.fputc)
    i.main                                   0x08000cd0   Section        0  main.o(i.main)
    i.prvAddCurrentTaskToDelayedList         0x08000d20   Section        0  tasks.o(i.prvAddCurrentTaskToDelayedList)
    prvAddCurrentTaskToDelayedList           0x08000d21   Thumb Code   102  tasks.o(i.prvAddCurrentTaskToDelayedList)
    i.prvAddNewTaskToReadyList               0x08000d90   Section        0  tasks.o(i.prvAddNewTaskToReadyList)
    prvAddNewTaskToReadyList                 0x08000d91   Thumb Code   192  tasks.o(i.prvAddNewTaskToReadyList)
    i.prvCheckForValidListAndQueue           0x08000e60   Section        0  timers.o(i.prvCheckForValidListAndQueue)
    prvCheckForValidListAndQueue             0x08000e61   Thumb Code    62  timers.o(i.prvCheckForValidListAndQueue)
    i.prvCheckTasksWaitingTermination        0x08000eb0   Section        0  tasks.o(i.prvCheckTasksWaitingTermination)
    prvCheckTasksWaitingTermination          0x08000eb1   Thumb Code    74  tasks.o(i.prvCheckTasksWaitingTermination)
    i.prvCopyDataFromQueue                   0x08000f04   Section        0  queue.o(i.prvCopyDataFromQueue)
    prvCopyDataFromQueue                     0x08000f05   Thumb Code    38  queue.o(i.prvCopyDataFromQueue)
    i.prvCopyDataToQueue                     0x08000f2a   Section        0  queue.o(i.prvCopyDataToQueue)
    prvCopyDataToQueue                       0x08000f2b   Thumb Code   108  queue.o(i.prvCopyDataToQueue)
    i.prvDeleteTCB                           0x08000f96   Section        0  tasks.o(i.prvDeleteTCB)
    prvDeleteTCB                             0x08000f97   Thumb Code    20  tasks.o(i.prvDeleteTCB)
    i.prvHeapInit                            0x08000fac   Section        0  heap_4.o(i.prvHeapInit)
    prvHeapInit                              0x08000fad   Thumb Code    66  heap_4.o(i.prvHeapInit)
    i.prvIdleTask                            0x08000ff8   Section        0  tasks.o(i.prvIdleTask)
    prvIdleTask                              0x08000ff9   Thumb Code    30  tasks.o(i.prvIdleTask)
    i.prvInitialiseNewTask                   0x08001020   Section        0  tasks.o(i.prvInitialiseNewTask)
    prvInitialiseNewTask                     0x08001021   Thumb Code   154  tasks.o(i.prvInitialiseNewTask)
    i.prvInsertBlockIntoFreeList             0x080010e0   Section        0  heap_4.o(i.prvInsertBlockIntoFreeList)
    prvInsertBlockIntoFreeList               0x080010e1   Thumb Code    72  heap_4.o(i.prvInsertBlockIntoFreeList)
    i.prvInsertTimerInActiveList             0x0800112c   Section        0  timers.o(i.prvInsertTimerInActiveList)
    prvInsertTimerInActiveList               0x0800112d   Thumb Code    52  timers.o(i.prvInsertTimerInActiveList)
    i.prvIsQueueEmpty                        0x08001164   Section        0  queue.o(i.prvIsQueueEmpty)
    prvIsQueueEmpty                          0x08001165   Thumb Code    26  queue.o(i.prvIsQueueEmpty)
    i.prvNotifyQueueSetContainer             0x08001180   Section        0  queue.o(i.prvNotifyQueueSetContainer)
    prvNotifyQueueSetContainer               0x08001181   Thumb Code   108  queue.o(i.prvNotifyQueueSetContainer)
    i.prvProcessExpiredTimer                 0x08001210   Section        0  timers.o(i.prvProcessExpiredTimer)
    prvProcessExpiredTimer                   0x08001211   Thumb Code    86  timers.o(i.prvProcessExpiredTimer)
    i.prvProcessReceivedCommands             0x08001270   Section        0  timers.o(i.prvProcessReceivedCommands)
    prvProcessReceivedCommands               0x08001271   Thumb Code   196  timers.o(i.prvProcessReceivedCommands)
    i.prvProcessTimerOrBlockTask             0x08001360   Section        0  timers.o(i.prvProcessTimerOrBlockTask)
    prvProcessTimerOrBlockTask               0x08001361   Thumb Code    98  timers.o(i.prvProcessTimerOrBlockTask)
    i.prvResetNextTaskUnblockTime            0x080013cc   Section        0  tasks.o(i.prvResetNextTaskUnblockTime)
    prvResetNextTaskUnblockTime              0x080013cd   Thumb Code    26  tasks.o(i.prvResetNextTaskUnblockTime)
    i.prvSampleTimeNow                       0x080013ec   Section        0  timers.o(i.prvSampleTimeNow)
    prvSampleTimeNow                         0x080013ed   Thumb Code    36  timers.o(i.prvSampleTimeNow)
    i.prvSwitchTimerLists                    0x08001414   Section        0  timers.o(i.prvSwitchTimerLists)
    prvSwitchTimerLists                      0x08001415   Thumb Code   100  timers.o(i.prvSwitchTimerLists)
    i.prvTaskExitError                       0x08001480   Section        0  port.o(i.prvTaskExitError)
    prvTaskExitError                         0x08001481   Thumb Code    36  port.o(i.prvTaskExitError)
    i.prvTimerTask                           0x080014e4   Section        0  timers.o(i.prvTimerTask)
    prvTimerTask                             0x080014e5   Thumb Code    34  timers.o(i.prvTimerTask)
    i.prvUnlockQueue                         0x0800150c   Section        0  queue.o(i.prvUnlockQueue)
    prvUnlockQueue                           0x0800150d   Thumb Code   120  queue.o(i.prvUnlockQueue)
    i.pvPortMalloc                           0x08001584   Section        0  heap_4.o(i.pvPortMalloc)
    i.pvTaskIncrementMutexHeldCount          0x08001698   Section        0  tasks.o(i.pvTaskIncrementMutexHeldCount)
    i.pxPortInitialiseStack                  0x080016b0   Section        0  port.o(i.pxPortInitialiseStack)
    i.start_task                             0x080016dc   Section        0  main.o(i.start_task)
    i.task1_task                             0x08001744   Section        0  main.o(i.task1_task)
    i.task2_task                             0x08001750   Section        0  main.o(i.task2_task)
    i.uxListRemove                           0x0800175c   Section        0  list.o(i.uxListRemove)
    i.vListInitialise                        0x08001780   Section        0  list.o(i.vListInitialise)
    i.vListInitialiseItem                    0x08001796   Section        0  list.o(i.vListInitialiseItem)
    i.vListInsert                            0x0800179c   Section        0  list.o(i.vListInsert)
    i.vListInsertEnd                         0x080017cc   Section        0  list.o(i.vListInsertEnd)
    i.vPortEnterCritical                     0x080017e4   Section        0  port.o(i.vPortEnterCritical)
    i.vPortExitCritical                      0x0800185c   Section        0  port.o(i.vPortExitCritical)
    i.vPortFree                              0x080018c0   Section        0  heap_4.o(i.vPortFree)
    i.vPortSetupTimerInterrupt               0x0800195c   Section        0  port.o(i.vPortSetupTimerInterrupt)
    i.vPortValidateInterruptPriority         0x0800197c   Section        0  port.o(i.vPortValidateInterruptPriority)
    i.vQueueAddToRegistry                    0x08001a08   Section        0  queue.o(i.vQueueAddToRegistry)
    i.vQueueWaitForMessageRestricted         0x08001a2c   Section        0  queue.o(i.vQueueWaitForMessageRestricted)
    i.vTaskDelay                             0x08001a70   Section        0  tasks.o(i.vTaskDelay)
    i.vTaskDelete                            0x08001adc   Section        0  tasks.o(i.vTaskDelete)
    i.vTaskMissedYield                       0x08001ba8   Section        0  tasks.o(i.vTaskMissedYield)
    i.vTaskPlaceOnEventList                  0x08001bb4   Section        0  tasks.o(i.vTaskPlaceOnEventList)
    i.vTaskPlaceOnEventListRestricted        0x08001c08   Section        0  tasks.o(i.vTaskPlaceOnEventListRestricted)
    i.vTaskPriorityInherit                   0x08001c64   Section        0  tasks.o(i.vTaskPriorityInherit)
    i.vTaskSetTimeOutState                   0x08001ce8   Section        0  tasks.o(i.vTaskSetTimeOutState)
    i.vTaskStartScheduler                    0x08001d30   Section        0  tasks.o(i.vTaskStartScheduler)
    i.vTaskSuspendAll                        0x08001dc4   Section        0  tasks.o(i.vTaskSuspendAll)
    i.vTaskSwitchContext                     0x08001dd4   Section        0  tasks.o(i.vTaskSwitchContext)
    i.xPortStartScheduler                    0x08001e50   Section        0  port.o(i.xPortStartScheduler)
    i.xPortSysTickHandler                    0x08001f64   Section        0  port.o(i.xPortSysTickHandler)
    i.xQueueGenericCreate                    0x08001f90   Section        0  queue.o(i.xQueueGenericCreate)
    i.xQueueGenericReceive                   0x08002008   Section        0  queue.o(i.xQueueGenericReceive)
    i.xQueueGenericReset                     0x0800218c   Section        0  queue.o(i.xQueueGenericReset)
    i.xQueueGenericSend                      0x08002234   Section        0  queue.o(i.xQueueGenericSend)
    i.xQueueGenericSendFromISR               0x080023bc   Section        0  queue.o(i.xQueueGenericSendFromISR)
    i.xTaskCheckForTimeOut                   0x0800249c   Section        0  tasks.o(i.xTaskCheckForTimeOut)
    i.xTaskCreate                            0x08002524   Section        0  tasks.o(i.xTaskCreate)
    i.xTaskGetSchedulerState                 0x0800257c   Section        0  tasks.o(i.xTaskGetSchedulerState)
    i.xTaskGetTickCount                      0x08002598   Section        0  tasks.o(i.xTaskGetTickCount)
    i.xTaskIncrementTick                     0x080025a4   Section        0  tasks.o(i.xTaskIncrementTick)
    i.xTaskPriorityDisinherit                0x0800268c   Section        0  tasks.o(i.xTaskPriorityDisinherit)
    i.xTaskRemoveFromEventList               0x08002740   Section        0  tasks.o(i.xTaskRemoveFromEventList)
    i.xTaskResumeAll                         0x080027d8   Section        0  tasks.o(i.xTaskResumeAll)
    i.xTimerCreate                           0x080028bc   Section        0  timers.o(i.xTimerCreate)
    i.xTimerCreateTimerTask                  0x08002930   Section        0  timers.o(i.xTimerCreateTimerTask)
    i.xTimerGenericCommand                   0x080029a4   Section        0  timers.o(i.xTimerGenericCommand)
    x$fpl$fpinit                             0x08002a34   Section       10  fpinit.o(x$fpl$fpinit)
    $v0                                      0x08002a34   Number         0  fpinit.o(x$fpl$fpinit)
    .data                                    0x20000000   Section       12  main.o(.data)
    .data                                    0x2000000c   Section       20  system_stm32f4xx.o(.data)
    .data                                    0x20000020   Section        4  lcd.o(.data)
    .data                                    0x20000024   Section        4  delay.o(.data)
    fac_us                                   0x20000024   Data           1  delay.o(.data)
    fac_ms                                   0x20000026   Data           2  delay.o(.data)
    .data                                    0x20000028   Section       24  usart.o(.data)
    .data                                    0x20000040   Section        4  usart.o(.data)
    .data                                    0x20000044   Section       60  tasks.o(.data)
    uxDeletedTasksWaitingCleanUp             0x20000048   Data           4  tasks.o(.data)
    uxCurrentNumberOfTasks                   0x2000004c   Data           4  tasks.o(.data)
    xTickCount                               0x20000050   Data           4  tasks.o(.data)
    uxTopReadyPriority                       0x20000054   Data           4  tasks.o(.data)
    xSchedulerRunning                        0x20000058   Data           4  tasks.o(.data)
    uxPendedTicks                            0x2000005c   Data           4  tasks.o(.data)
    xYieldPending                            0x20000060   Data           4  tasks.o(.data)
    xNumOfOverflows                          0x20000064   Data           4  tasks.o(.data)
    uxTaskNumber                             0x20000068   Data           4  tasks.o(.data)
    xNextTaskUnblockTime                     0x2000006c   Data           4  tasks.o(.data)
    xIdleTaskHandle                          0x20000070   Data           4  tasks.o(.data)
    uxSchedulerSuspended                     0x20000074   Data           4  tasks.o(.data)
    pxDelayedTaskList                        0x20000078   Data           4  tasks.o(.data)
    pxOverflowDelayedTaskList                0x2000007c   Data           4  tasks.o(.data)
    .data                                    0x20000080   Section       20  timers.o(.data)
    xTimerQueue                              0x20000080   Data           4  timers.o(.data)
    xTimerTaskHandle                         0x20000084   Data           4  timers.o(.data)
    xLastTime                                0x20000088   Data           4  timers.o(.data)
    pxCurrentTimerList                       0x2000008c   Data           4  timers.o(.data)
    pxOverflowTimerList                      0x20000090   Data           4  timers.o(.data)
    .data                                    0x20000094   Section       12  port.o(.data)
    ucMaxSysCallPriority                     0x20000094   Data           1  port.o(.data)
    uxCriticalNesting                        0x20000098   Data           4  port.o(.data)
    ulMaxPRIGROUPValue                       0x2000009c   Data           4  port.o(.data)
    .data                                    0x200000a0   Section       24  heap_4.o(.data)
    pxEnd                                    0x200000a0   Data           4  heap_4.o(.data)
    xFreeBytesRemaining                      0x200000a4   Data           4  heap_4.o(.data)
    xMinimumEverFreeBytesRemaining           0x200000a8   Data           4  heap_4.o(.data)
    xBlockAllocatedBit                       0x200000ac   Data           4  heap_4.o(.data)
    xStart                                   0x200000b0   Data           8  heap_4.o(.data)
    .bss                                     0x200000b8   Section       64  queue.o(.bss)
    .bss                                     0x200000f8   Section      740  tasks.o(.bss)
    pxReadyTasksLists                        0x200000f8   Data         640  tasks.o(.bss)
    xDelayedTaskList1                        0x20000378   Data          20  tasks.o(.bss)
    xDelayedTaskList2                        0x2000038c   Data          20  tasks.o(.bss)
    xPendingReadyList                        0x200003a0   Data          20  tasks.o(.bss)
    xTasksWaitingTermination                 0x200003b4   Data          20  tasks.o(.bss)
    xSuspendedTaskList                       0x200003c8   Data          20  tasks.o(.bss)
    .bss                                     0x200003dc   Section       40  timers.o(.bss)
    xActiveTimerList1                        0x200003dc   Data          20  timers.o(.bss)
    xActiveTimerList2                        0x200003f0   Data          20  timers.o(.bss)
    .bss                                     0x20000404   Section    20480  heap_4.o(.bss)
    ucHeap                                   0x20000404   Data       20480  heap_4.o(.bss)
    .bss                                     0x20005404   Section       96  libspace.o(.bss)
    HEAP                                     0x20005468   Section      512  startup_stm32f40_41xxx.o(HEAP)
    Heap_Mem                                 0x20005468   Data         512  startup_stm32f40_41xxx.o(HEAP)
    STACK                                    0x20005668   Section     1024  startup_stm32f40_41xxx.o(STACK)
    Stack_Mem                                0x20005668   Data        1024  startup_stm32f40_41xxx.o(STACK)
    __initial_sp                             0x20005a68   Data           0  startup_stm32f40_41xxx.o(STACK)

    Global Symbols

    Symbol Name                              Value     Ov Type        Size  Object(Section)

    BuildAttributes$$THM_ISAv4$E$P$D$K$B$S$7EM$VFPi3$EXTD16$VFPS$VFMA$PE$A:L22UL41UL21$X:L11$S22US41US21$IEEE1$IW$USESV6$~STKCKD$USESV7$~SHL$OSPACE$ROPI$EBA8$UX$STANDARDLIB$REQ8$PRES8$EABIv2 0x00000000   Number         0  anon$$obj.o ABSOLUTE
    __ARM_use_no_argv                        0x00000000   Number         0  main.o ABSOLUTE
    __ARM_exceptions_init                     - Undefined Weak Reference
    __alloca_initialize                       - Undefined Weak Reference
    __arm_fini_                               - Undefined Weak Reference
    __arm_preinit_                            - Undefined Weak Reference
    __cpp_initialize__aeabi_                  - Undefined Weak Reference
    __cxa_finalize                            - Undefined Weak Reference
    __rt_locale                               - Undefined Weak Reference
    __sigvec_lookup                           - Undefined Weak Reference
    _atexit_init                              - Undefined Weak Reference
    _call_atexit_fns                          - Undefined Weak Reference
    _clock_init                               - Undefined Weak Reference
    _fp_trap_init                             - Undefined Weak Reference
    _fp_trap_shutdown                         - Undefined Weak Reference
    _get_lc_collate                           - Undefined Weak Reference
    _get_lc_ctype                             - Undefined Weak Reference
    _get_lc_monetary                          - Undefined Weak Reference
    _get_lc_numeric                           - Undefined Weak Reference
    _get_lc_time                              - Undefined Weak Reference
    _getenv_init                              - Undefined Weak Reference
    _handle_redirection                       - Undefined Weak Reference
    _init_alloc                               - Undefined Weak Reference
    _init_user_alloc                          - Undefined Weak Reference
    _initio                                   - Undefined Weak Reference
    _mutex_acquire                            - Undefined Weak Reference
    _mutex_release                            - Undefined Weak Reference
    _printf_mbtowc                            - Undefined Weak Reference
    _printf_post_padding                      - Undefined Weak Reference
    _printf_pre_padding                       - Undefined Weak Reference
    _printf_truncate_signed                   - Undefined Weak Reference
    _printf_truncate_unsigned                 - Undefined Weak Reference
    _rand_init                                - Undefined Weak Reference
    _signal_finish                            - Undefined Weak Reference
    _signal_init                              - Undefined Weak Reference
    _terminate_alloc                          - Undefined Weak Reference
    _terminate_user_alloc                     - Undefined Weak Reference
    _terminateio                              - Undefined Weak Reference
    __Vectors_Size                           0x00000188   Number         0  startup_stm32f40_41xxx.o ABSOLUTE
    __Vectors                                0x08000000   Data           4  startup_stm32f40_41xxx.o(RESET)
    __Vectors_End                            0x08000188   Data           0  startup_stm32f40_41xxx.o(RESET)
    __main                                   0x08000189   Thumb Code     8  __main.o(!!!main)
    __scatterload                            0x08000191   Thumb Code     0  __scatter.o(!!!scatter)
    __scatterload_rt2                        0x08000191   Thumb Code    44  __scatter.o(!!!scatter)
    __scatterload_rt2_thumb_only             0x08000191   Thumb Code     0  __scatter.o(!!!scatter)
    __scatterload_null                       0x0800019f   Thumb Code     0  __scatter.o(!!!scatter)
    __scatterload_copy                       0x080001c5   Thumb Code    26  __scatter_copy.o(!!handler_copy)
    __scatterload_zeroinit                   0x080001e1   Thumb Code    28  __scatter_zi.o(!!handler_zi)
    _printf_d                                0x080001fd   Thumb Code     0  _printf_d.o(.ARM.Collect$$_printf_percent$$00000009)
    _printf_percent                          0x080001fd   Thumb Code     0  _printf_percent.o(.ARM.Collect$$_printf_percent$$00000000)
    _printf_s                                0x08000203   Thumb Code     0  _printf_s.o(.ARM.Collect$$_printf_percent$$00000014)
    _printf_percent_end                      0x08000209   Thumb Code     0  _printf_percent_end.o(.ARM.Collect$$_printf_percent$$00000017)
    __rt_lib_init                            0x0800020d   Thumb Code     0  libinit.o(.ARM.Collect$$libinit$$00000000)
    __rt_lib_init_fp_1                       0x0800020f   Thumb Code     0  libinit2.o(.ARM.Collect$$libinit$$00000001)
    __rt_lib_init_alloca_1                   0x08000213   Thumb Code     0  libinit2.o(.ARM.Collect$$libinit$$0000002E)
    __rt_lib_init_argv_1                     0x08000213   Thumb Code     0  libinit2.o(.ARM.Collect$$libinit$$0000002C)
    __rt_lib_init_atexit_1                   0x08000213   Thumb Code     0  libinit2.o(.ARM.Collect$$libinit$$0000001B)
    __rt_lib_init_clock_1                    0x08000213   Thumb Code     0  libinit2.o(.ARM.Collect$$libinit$$00000021)
    __rt_lib_init_cpp_1                      0x08000213   Thumb Code     0  libinit2.o(.ARM.Collect$$libinit$$00000032)
    __rt_lib_init_exceptions_1               0x08000213   Thumb Code     0  libinit2.o(.ARM.Collect$$libinit$$00000030)
    __rt_lib_init_fp_trap_1                  0x08000213   Thumb Code     0  libinit2.o(.ARM.Collect$$libinit$$0000001F)
    __rt_lib_init_getenv_1                   0x08000213   Thumb Code     0  libinit2.o(.ARM.Collect$$libinit$$00000023)
    __rt_lib_init_heap_1                     0x08000213   Thumb Code     0  libinit2.o(.ARM.Collect$$libinit$$0000000A)
    __rt_lib_init_lc_collate_1               0x08000213   Thumb Code     0  libinit2.o(.ARM.Collect$$libinit$$00000011)
    __rt_lib_init_lc_ctype_1                 0x08000213   Thumb Code     0  libinit2.o(.ARM.Collect$$libinit$$00000013)
    __rt_lib_init_lc_monetary_1              0x08000213   Thumb Code     0  libinit2.o(.ARM.Collect$$libinit$$00000015)
    __rt_lib_init_lc_numeric_1               0x08000213   Thumb Code     0  libinit2.o(.ARM.Collect$$libinit$$00000017)
    __rt_lib_init_lc_time_1                  0x08000213   Thumb Code     0  libinit2.o(.ARM.Collect$$libinit$$00000019)
    __rt_lib_init_preinit_1                  0x08000213   Thumb Code     0  libinit2.o(.ARM.Collect$$libinit$$00000004)
    __rt_lib_init_rand_1                     0x08000213   Thumb Code     0  libinit2.o(.ARM.Collect$$libinit$$0000000E)
    __rt_lib_init_return                     0x08000213   Thumb Code     0  libinit2.o(.ARM.Collect$$libinit$$00000033)
    __rt_lib_init_signal_1                   0x08000213   Thumb Code     0  libinit2.o(.ARM.Collect$$libinit$$0000001D)
    __rt_lib_init_stdio_1                    0x08000213   Thumb Code     0  libinit2.o(.ARM.Collect$$libinit$$00000025)
    __rt_lib_init_user_alloc_1               0x08000213   Thumb Code     0  libinit2.o(.ARM.Collect$$libinit$$0000000C)
    __rt_lib_shutdown                        0x08000215   Thumb Code     0  libshutdown.o(.ARM.Collect$$libshutdown$$00000000)
    __rt_lib_shutdown_cpp_1                  0x08000217   Thumb Code     0  libshutdown2.o(.ARM.Collect$$libshutdown$$00000004)
    __rt_lib_shutdown_fini_1                 0x08000217   Thumb Code     0  libshutdown2.o(.ARM.Collect$$libshutdown$$00000002)
    __rt_lib_shutdown_fp_trap_1              0x08000217   Thumb Code     0  libshutdown2.o(.ARM.Collect$$libshutdown$$00000009)
    __rt_lib_shutdown_heap_1                 0x08000217   Thumb Code     0  libshutdown2.o(.ARM.Collect$$libshutdown$$00000011)
    __rt_lib_shutdown_return                 0x08000217   Thumb Code     0  libshutdown2.o(.ARM.Collect$$libshutdown$$00000012)
    __rt_lib_shutdown_signal_1               0x08000217   Thumb Code     0  libshutdown2.o(.ARM.Collect$$libshutdown$$0000000C)
    __rt_lib_shutdown_stdio_1                0x08000217   Thumb Code     0  libshutdown2.o(.ARM.Collect$$libshutdown$$00000006)
    __rt_lib_shutdown_user_alloc_1           0x08000217   Thumb Code     0  libshutdown2.o(.ARM.Collect$$libshutdown$$0000000E)
    __rt_entry                               0x08000219   Thumb Code     0  __rtentry.o(.ARM.Collect$$rtentry$$00000000)
    __rt_entry_presh_1                       0x08000219   Thumb Code     0  __rtentry2.o(.ARM.Collect$$rtentry$$00000002)
    __rt_entry_sh                            0x08000219   Thumb Code     0  __rtentry4.o(.ARM.Collect$$rtentry$$00000004)
    __rt_entry_li                            0x0800021f   Thumb Code     0  __rtentry2.o(.ARM.Collect$$rtentry$$0000000A)
    __rt_entry_postsh_1                      0x0800021f   Thumb Code     0  __rtentry2.o(.ARM.Collect$$rtentry$$00000009)
    __rt_entry_main                          0x08000223   Thumb Code     0  __rtentry2.o(.ARM.Collect$$rtentry$$0000000D)
    __rt_entry_postli_1                      0x08000223   Thumb Code     0  __rtentry2.o(.ARM.Collect$$rtentry$$0000000C)
    __rt_exit                                0x0800022b   Thumb Code     0  rtexit.o(.ARM.Collect$$rtexit$$00000000)
    __rt_exit_ls                             0x0800022d   Thumb Code     0  rtexit2.o(.ARM.Collect$$rtexit$$00000003)
    __rt_exit_prels_1                        0x0800022d   Thumb Code     0  rtexit2.o(.ARM.Collect$$rtexit$$00000002)
    __rt_exit_exit                           0x08000231   Thumb Code     0  rtexit2.o(.ARM.Collect$$rtexit$$00000004)
    SVC_Handler                              0x08000239   Thumb Code    28  port.o(.emb_text)
    __asm___6_port_c_39a90d8d__prvStartFirstTask 0x08000259   Thumb Code    28  port.o(.emb_text)
    __asm___6_port_c_39a90d8d__prvEnableVFP  0x08000279   Thumb Code    16  port.o(.emb_text)
    PendSV_Handler                           0x0800028d   Thumb Code    88  port.o(.emb_text)
    vPortGetIPSR                             0x080002e9   Thumb Code     6  port.o(.emb_text)
    Reset_Handler                            0x080002f1   Thumb Code     8  startup_stm32f40_41xxx.o(.text)
    ADC_IRQHandler                           0x0800030b   Thumb Code     0  startup_stm32f40_41xxx.o(.text)
    CAN1_RX0_IRQHandler                      0x0800030b   Thumb Code     0  startup_stm32f40_41xxx.o(.text)
    CAN1_RX1_IRQHandler                      0x0800030b   Thumb Code     0  startup_stm32f40_41xxx.o(.text)
    CAN1_SCE_IRQHandler                      0x0800030b   Thumb Code     0  startup_stm32f40_41xxx.o(.text)
    CAN1_TX_IRQHandler                       0x0800030b   Thumb Code     0  startup_stm32f40_41xxx.o(.text)
    CAN2_RX0_IRQHandler                      0x0800030b   Thumb Code     0  startup_stm32f40_41xxx.o(.text)
    CAN2_RX1_IRQHandler                      0x0800030b   Thumb Code     0  startup_stm32f40_41xxx.o(.text)
    CAN2_SCE_IRQHandler                      0x0800030b   Thumb Code     0  startup_stm32f40_41xxx.o(.text)
    CAN2_TX_IRQHandler                       0x0800030b   Thumb Code     0  startup_stm32f40_41xxx.o(.text)
    CRYP_IRQHandler                          0x0800030b   Thumb Code     0  startup_stm32f40_41xxx.o(.text)
    DCMI_IRQHandler                          0x0800030b   Thumb Code     0  startup_stm32f40_41xxx.o(.text)
    DMA1_Stream0_IRQHandler                  0x0800030b   Thumb Code     0  startup_stm32f40_41xxx.o(.text)
    DMA1_Stream1_IRQHandler                  0x0800030b   Thumb Code     0  startup_stm32f40_41xxx.o(.text)
    DMA1_Stream2_IRQHandler                  0x0800030b   Thumb Code     0  startup_stm32f40_41xxx.o(.text)
    DMA1_Stream3_IRQHandler                  0x0800030b   Thumb Code     0  startup_stm32f40_41xxx.o(.text)
    DMA1_Stream4_IRQHandler                  0x0800030b   Thumb Code     0  startup_stm32f40_41xxx.o(.text)
    DMA1_Stream5_IRQHandler                  0x0800030b   Thumb Code     0  startup_stm32f40_41xxx.o(.text)
    DMA1_Stream6_IRQHandler                  0x0800030b   Thumb Code     0  startup_stm32f40_41xxx.o(.text)
    DMA1_Stream7_IRQHandler                  0x0800030b   Thumb Code     0  startup_stm32f40_41xxx.o(.text)
    DMA2_Stream0_IRQHandler                  0x0800030b   Thumb Code     0  startup_stm32f40_41xxx.o(.text)
    DMA2_Stream1_IRQHandler                  0x0800030b   Thumb Code     0  startup_stm32f40_41xxx.o(.text)
    DMA2_Stream2_IRQHandler                  0x0800030b   Thumb Code     0  startup_stm32f40_41xxx.o(.text)
    DMA2_Stream3_IRQHandler                  0x0800030b   Thumb Code     0  startup_stm32f40_41xxx.o(.text)
    DMA2_Stream4_IRQHandler                  0x0800030b   Thumb Code     0  startup_stm32f40_41xxx.o(.text)
    DMA2_Stream5_IRQHandler                  0x0800030b   Thumb Code     0  startup_stm32f40_41xxx.o(.text)
    DMA2_Stream6_IRQHandler                  0x0800030b   Thumb Code     0  startup_stm32f40_41xxx.o(.text)
    DMA2_Stream7_IRQHandler                  0x0800030b   Thumb Code     0  startup_stm32f40_41xxx.o(.text)
    ETH_IRQHandler                           0x0800030b   Thumb Code     0  startup_stm32f40_41xxx.o(.text)
    ETH_WKUP_IRQHandler                      0x0800030b   Thumb Code     0  startup_stm32f40_41xxx.o(.text)
    EXTI0_IRQHandler                         0x0800030b   Thumb Code     0  startup_stm32f40_41xxx.o(.text)
    EXTI15_10_IRQHandler                     0x0800030b   Thumb Code     0  startup_stm32f40_41xxx.o(.text)
    EXTI1_IRQHandler                         0x0800030b   Thumb Code     0  startup_stm32f40_41xxx.o(.text)
    EXTI2_IRQHandler                         0x0800030b   Thumb Code     0  startup_stm32f40_41xxx.o(.text)
    EXTI3_IRQHandler                         0x0800030b   Thumb Code     0  startup_stm32f40_41xxx.o(.text)
    EXTI4_IRQHandler                         0x0800030b   Thumb Code     0  startup_stm32f40_41xxx.o(.text)
    EXTI9_5_IRQHandler                       0x0800030b   Thumb Code     0  startup_stm32f40_41xxx.o(.text)
    FLASH_IRQHandler                         0x0800030b   Thumb Code     0  startup_stm32f40_41xxx.o(.text)
    FPU_IRQHandler                           0x0800030b   Thumb Code     0  startup_stm32f40_41xxx.o(.text)
    FSMC_IRQHandler                          0x0800030b   Thumb Code     0  startup_stm32f40_41xxx.o(.text)
    HASH_RNG_IRQHandler                      0x0800030b   Thumb Code     0  startup_stm32f40_41xxx.o(.text)
    I2C1_ER_IRQHandler                       0x0800030b   Thumb Code     0  startup_stm32f40_41xxx.o(.text)
    I2C1_EV_IRQHandler                       0x0800030b   Thumb Code     0  startup_stm32f40_41xxx.o(.text)
    I2C2_ER_IRQHandler                       0x0800030b   Thumb Code     0  startup_stm32f40_41xxx.o(.text)
    I2C2_EV_IRQHandler                       0x0800030b   Thumb Code     0  startup_stm32f40_41xxx.o(.text)
    I2C3_ER_IRQHandler                       0x0800030b   Thumb Code     0  startup_stm32f40_41xxx.o(.text)
    I2C3_EV_IRQHandler                       0x0800030b   Thumb Code     0  startup_stm32f40_41xxx.o(.text)
    OTG_FS_IRQHandler                        0x0800030b   Thumb Code     0  startup_stm32f40_41xxx.o(.text)
    OTG_FS_WKUP_IRQHandler                   0x0800030b   Thumb Code     0  startup_stm32f40_41xxx.o(.text)
    OTG_HS_EP1_IN_IRQHandler                 0x0800030b   Thumb Code     0  startup_stm32f40_41xxx.o(.text)
    OTG_HS_EP1_OUT_IRQHandler                0x0800030b   Thumb Code     0  startup_stm32f40_41xxx.o(.text)
    OTG_HS_IRQHandler                        0x0800030b   Thumb Code     0  startup_stm32f40_41xxx.o(.text)
    OTG_HS_WKUP_IRQHandler                   0x0800030b   Thumb Code     0  startup_stm32f40_41xxx.o(.text)
    PVD_IRQHandler                           0x0800030b   Thumb Code     0  startup_stm32f40_41xxx.o(.text)
    RCC_IRQHandler                           0x0800030b   Thumb Code     0  startup_stm32f40_41xxx.o(.text)
    RTC_Alarm_IRQHandler                     0x0800030b   Thumb Code     0  startup_stm32f40_41xxx.o(.text)
    RTC_WKUP_IRQHandler                      0x0800030b   Thumb Code     0  startup_stm32f40_41xxx.o(.text)
    SDIO_IRQHandler                          0x0800030b   Thumb Code     0  startup_stm32f40_41xxx.o(.text)
    SPI1_IRQHandler                          0x0800030b   Thumb Code     0  startup_stm32f40_41xxx.o(.text)
    SPI2_IRQHandler                          0x0800030b   Thumb Code     0  startup_stm32f40_41xxx.o(.text)
    SPI3_IRQHandler                          0x0800030b   Thumb Code     0  startup_stm32f40_41xxx.o(.text)
    TAMP_STAMP_IRQHandler                    0x0800030b   Thumb Code     0  startup_stm32f40_41xxx.o(.text)
    TIM1_BRK_TIM9_IRQHandler                 0x0800030b   Thumb Code     0  startup_stm32f40_41xxx.o(.text)
    TIM1_CC_IRQHandler                       0x0800030b   Thumb Code     0  startup_stm32f40_41xxx.o(.text)
    TIM1_TRG_COM_TIM11_IRQHandler            0x0800030b   Thumb Code     0  startup_stm32f40_41xxx.o(.text)
    TIM1_UP_TIM10_IRQHandler                 0x0800030b   Thumb Code     0  startup_stm32f40_41xxx.o(.text)
    TIM2_IRQHandler                          0x0800030b   Thumb Code     0  startup_stm32f40_41xxx.o(.text)
    TIM4_IRQHandler                          0x0800030b   Thumb Code     0  startup_stm32f40_41xxx.o(.text)
    TIM6_DAC_IRQHandler                      0x0800030b   Thumb Code     0  startup_stm32f40_41xxx.o(.text)
    TIM7_IRQHandler                          0x0800030b   Thumb Code     0  startup_stm32f40_41xxx.o(.text)
    TIM8_BRK_TIM12_IRQHandler                0x0800030b   Thumb Code     0  startup_stm32f40_41xxx.o(.text)
    TIM8_CC_IRQHandler                       0x0800030b   Thumb Code     0  startup_stm32f40_41xxx.o(.text)
    TIM8_TRG_COM_TIM14_IRQHandler            0x0800030b   Thumb Code     0  startup_stm32f40_41xxx.o(.text)
    TIM8_UP_TIM13_IRQHandler                 0x0800030b   Thumb Code     0  startup_stm32f40_41xxx.o(.text)
    WWDG_IRQHandler                          0x0800030b   Thumb Code     0  startup_stm32f40_41xxx.o(.text)
    __user_initial_stackheap                 0x0800030d   Thumb Code     0  startup_stm32f40_41xxx.o(.text)
    __use_no_semihosting                     0x08000331   Thumb Code     2  use_no_semi_2.o(.text)
    __2printf                                0x08000335   Thumb Code    20  noretval__2printf.o(.text)
    __printf                                 0x0800034d   Thumb Code   104  __printf.o(.text)
    _printf_str                              0x080003b5   Thumb Code    82  _printf_str.o(.text)
    _printf_int_dec                          0x08000409   Thumb Code   104  _printf_dec.o(.text)
    __aeabi_memcpy                           0x08000481   Thumb Code     0  rt_memcpy_v6.o(.text)
    __rt_memcpy                              0x08000481   Thumb Code   138  rt_memcpy_v6.o(.text)
    _memcpy_lastbytes                        0x080004e7   Thumb Code     0  rt_memcpy_v6.o(.text)
    __aeabi_memset                           0x0800050b   Thumb Code    16  aeabi_memset.o(.text)
    __use_two_region_memory                  0x0800051b   Thumb Code     2  heapauxi.o(.text)
    __rt_heap_escrow$2region                 0x0800051d   Thumb Code     2  heapauxi.o(.text)
    __rt_heap_expand$2region                 0x0800051f   Thumb Code     2  heapauxi.o(.text)
    __I$use$semihosting                      0x08000521   Thumb Code     0  use_no_semi.o(.text)
    __use_no_semihosting_swi                 0x08000521   Thumb Code     2  use_no_semi.o(.text)
    _printf_int_common                       0x08000523   Thumb Code   178  _printf_intcommon.o(.text)
    _printf_char_common                      0x080005df   Thumb Code    32  _printf_char_common.o(.text)
    _printf_cs_common                        0x08000605   Thumb Code    20  _printf_char.o(.text)
    _printf_char                             0x08000619   Thumb Code    16  _printf_char.o(.text)
    _printf_string                           0x08000629   Thumb Code     8  _printf_char.o(.text)
    _printf_char_file                        0x08000631   Thumb Code    32  _printf_char_file.o(.text)
    __aeabi_memcpy4                          0x08000655   Thumb Code     0  rt_memcpy_w.o(.text)
    __aeabi_memcpy8                          0x08000655   Thumb Code     0  rt_memcpy_w.o(.text)
    __rt_memcpy_w                            0x08000655   Thumb Code   100  rt_memcpy_w.o(.text)
    _memcpy_lastbytes_aligned                0x0800069d   Thumb Code     0  rt_memcpy_w.o(.text)
    __aeabi_memclr                           0x080006b9   Thumb Code     0  rt_memclr.o(.text)
    __rt_memclr                              0x080006b9   Thumb Code    68  rt_memclr.o(.text)
    _memset                                  0x080006bd   Thumb Code     0  rt_memclr.o(.text)
    ferror                                   0x080006fd   Thumb Code     8  ferror.o(.text)
    __aeabi_memclr4                          0x08000705   Thumb Code     0  rt_memclr_w.o(.text)
    __aeabi_memclr8                          0x08000705   Thumb Code     0  rt_memclr_w.o(.text)
    __rt_memclr_w                            0x08000705   Thumb Code    78  rt_memclr_w.o(.text)
    _memset_w                                0x08000709   Thumb Code     0  rt_memclr_w.o(.text)
    __user_setup_stackheap                   0x08000753   Thumb Code    74  sys_stackheap_outer.o(.text)
    exit                                     0x0800079d   Thumb Code    18  exit.o(.text)
    __user_libspace                          0x080007b1   Thumb Code     8  libspace.o(.text)
    __user_perproc_libspace                  0x080007b1   Thumb Code     0  libspace.o(.text)
    __user_perthread_libspace                0x080007b1   Thumb Code     0  libspace.o(.text)
    BusFault_Handler                         0x080007b9   Thumb Code     2  stm32f4xx_it.o(i.BusFault_Handler)
    DebugMon_Handler                         0x080007bb   Thumb Code     2  stm32f4xx_it.o(i.DebugMon_Handler)
    GPIO_Init                                0x080007bd   Thumb Code   120  stm32f4xx_gpio.o(i.GPIO_Init)
    GPIO_SetBits                             0x08000835   Thumb Code     4  stm32f4xx_gpio.o(i.GPIO_SetBits)
    HardFault_Handler                        0x08000839   Thumb Code     2  stm32f4xx_it.o(i.HardFault_Handler)
    LED_Init                                 0x0800083d   Thumb Code    58  led.o(i.LED_Init)
    MemManage_Handler                        0x0800087d   Thumb Code     2  stm32f4xx_it.o(i.MemManage_Handler)
    NMI_Handler                              0x0800087f   Thumb Code     2  stm32f4xx_it.o(i.NMI_Handler)
    NVIC_PriorityGroupConfig                 0x08000881   Thumb Code    10  misc.o(i.NVIC_PriorityGroupConfig)
    RCC_AHB1PeriphClockCmd                   0x08000895   Thumb Code    18  stm32f4xx_rcc.o(i.RCC_AHB1PeriphClockCmd)
    SysTick_CLKSourceConfig                  0x08000961   Thumb Code    24  misc.o(i.SysTick_CLKSourceConfig)
    SysTick_Handler                          0x08000979   Thumb Code    20  delay.o(i.SysTick_Handler)
    SystemInit                               0x0800098d   Thumb Code    74  system_stm32f4xx.o(i.SystemInit)
    TIM3_IRQHandler                          0x080009e9   Thumb Code    34  timer.o(i.TIM3_IRQHandler)
    TIM5_IRQHandler                          0x08000a25   Thumb Code    34  timer.o(i.TIM5_IRQHandler)
    TIM_ClearITPendingBit                    0x08000a61   Thumb Code     6  stm32f4xx_tim.o(i.TIM_ClearITPendingBit)
    TIM_GetITStatus                          0x08000a67   Thumb Code    24  stm32f4xx_tim.o(i.TIM_GetITStatus)
    UART4_IRQHandler                         0x08000a81   Thumb Code    44  usart.o(i.UART4_IRQHandler)
    UART5_IRQHandler                         0x08000ab1   Thumb Code    10  usart.o(i.UART5_IRQHandler)
    USART1_IRQHandler                        0x08000ac1   Thumb Code   204  usart.o(i.USART1_IRQHandler)
    USART2_IRQHandler                        0x08000b95   Thumb Code    44  usart.o(i.USART2_IRQHandler)
    USART3_IRQHandler                        0x08000bc9   Thumb Code    44  usart.o(i.USART3_IRQHandler)
    USART6_IRQHandler                        0x08000bf9   Thumb Code    36  usart.o(i.USART6_IRQHandler)
    USART_ClearITPendingBit                  0x08000c21   Thumb Code    12  stm32f4xx_usart.o(i.USART_ClearITPendingBit)
    USART_GetITStatus                        0x08000c2d   Thumb Code    62  stm32f4xx_usart.o(i.USART_GetITStatus)
    USART_ReceiveData                        0x08000c6b   Thumb Code     8  stm32f4xx_usart.o(i.USART_ReceiveData)
    USART_SendData                           0x08000c73   Thumb Code     8  stm32f4xx_usart.o(i.USART_SendData)
    UsageFault_Handler                       0x08000c7b   Thumb Code     2  stm32f4xx_it.o(i.UsageFault_Handler)
    _sys_exit                                0x08000c7d   Thumb Code     2  usart.o(i._sys_exit)
    delay_init                               0x08000c81   Thumb Code    50  delay.o(i.delay_init)
    fputc                                    0x08000cb9   Thumb Code    18  usart.o(i.fputc)
    main                                     0x08000cd1   Thumb Code    56  main.o(i.main)
    pvPortMalloc                             0x08001585   Thumb Code   214  heap_4.o(i.pvPortMalloc)
    pvTaskIncrementMutexHeldCount            0x08001699   Thumb Code    18  tasks.o(i.pvTaskIncrementMutexHeldCount)
    pxPortInitialiseStack                    0x080016b1   Thumb Code    40  port.o(i.pxPortInitialiseStack)
    start_task                               0x080016dd   Thumb Code    66  main.o(i.start_task)
    task1_task                               0x08001745   Thumb Code    12  main.o(i.task1_task)
    task2_task                               0x08001751   Thumb Code    12  main.o(i.task2_task)
    uxListRemove                             0x0800175d   Thumb Code    36  list.o(i.uxListRemove)
    vListInitialise                          0x08001781   Thumb Code    22  list.o(i.vListInitialise)
    vListInitialiseItem                      0x08001797   Thumb Code     6  list.o(i.vListInitialiseItem)
    vListInsert                              0x0800179d   Thumb Code    48  list.o(i.vListInsert)
    vListInsertEnd                           0x080017cd   Thumb Code    24  list.o(i.vListInsertEnd)
    vPortEnterCritical                       0x080017e5   Thumb Code    50  port.o(i.vPortEnterCritical)
    vPortExitCritical                        0x0800185d   Thumb Code    34  port.o(i.vPortExitCritical)
    vPortFree                                0x080018c1   Thumb Code    94  heap_4.o(i.vPortFree)
    vPortSetupTimerInterrupt                 0x0800195d   Thumb Code    26  port.o(i.vPortSetupTimerInterrupt)
    vPortValidateInterruptPriority           0x0800197d   Thumb Code    70  port.o(i.vPortValidateInterruptPriority)
    vQueueAddToRegistry                      0x08001a09   Thumb Code    32  queue.o(i.vQueueAddToRegistry)
    vQueueWaitForMessageRestricted           0x08001a2d   Thumb Code    68  queue.o(i.vQueueWaitForMessageRestricted)
    vTaskDelay                               0x08001a71   Thumb Code    62  tasks.o(i.vTaskDelay)
    vTaskDelete                              0x08001add   Thumb Code   152  tasks.o(i.vTaskDelete)
    vTaskMissedYield                         0x08001ba9   Thumb Code     8  tasks.o(i.vTaskMissedYield)
    vTaskPlaceOnEventList                    0x08001bb5   Thumb Code    44  tasks.o(i.vTaskPlaceOnEventList)
    vTaskPlaceOnEventListRestricted          0x08001c09   Thumb Code    52  tasks.o(i.vTaskPlaceOnEventListRestricted)
    vTaskPriorityInherit                     0x08001c65   Thumb Code   124  tasks.o(i.vTaskPriorityInherit)
    vTaskSetTimeOutState                     0x08001ce9   Thumb Code    30  tasks.o(i.vTaskSetTimeOutState)
    vTaskStartScheduler                      0x08001d31   Thumb Code    96  tasks.o(i.vTaskStartScheduler)
    vTaskSuspendAll                          0x08001dc5   Thumb Code    10  tasks.o(i.vTaskSuspendAll)
    vTaskSwitchContext                       0x08001dd5   Thumb Code    80  tasks.o(i.vTaskSwitchContext)
    xPortStartScheduler                      0x08001e51   Thumb Code   196  port.o(i.xPortStartScheduler)
    xPortSysTickHandler                      0x08001f65   Thumb Code    38  port.o(i.xPortSysTickHandler)
    xQueueGenericCreate                      0x08001f91   Thumb Code    82  queue.o(i.xQueueGenericCreate)
    xQueueGenericReceive                     0x08002009   Thumb Code   348  queue.o(i.xQueueGenericReceive)
    xQueueGenericReset                       0x0800218d   Thumb Code   128  queue.o(i.xQueueGenericReset)
    xQueueGenericSend                        0x08002235   Thumb Code   350  queue.o(i.xQueueGenericSend)
    xQueueGenericSendFromISR                 0x080023bd   Thumb Code   188  queue.o(i.xQueueGenericSendFromISR)
    xTaskCheckForTimeOut                     0x0800249d   Thumb Code    94  tasks.o(i.xTaskCheckForTimeOut)
    xTaskCreate                              0x08002525   Thumb Code    86  tasks.o(i.xTaskCreate)
    xTaskGetSchedulerState                   0x0800257d   Thumb Code    22  tasks.o(i.xTaskGetSchedulerState)
    xTaskGetTickCount                        0x08002599   Thumb Code     6  tasks.o(i.xTaskGetTickCount)
    xTaskIncrementTick                       0x080025a5   Thumb Code   188  tasks.o(i.xTaskIncrementTick)
    xTaskPriorityDisinherit                  0x0800268d   Thumb Code   136  tasks.o(i.xTaskPriorityDisinherit)
    xTaskRemoveFromEventList                 0x08002741   Thumb Code   102  tasks.o(i.xTaskRemoveFromEventList)
    xTaskResumeAll                           0x080027d9   Thumb Code   180  tasks.o(i.xTaskResumeAll)
    xTimerCreate                             0x080028bd   Thumb Code    74  timers.o(i.xTimerCreate)
    xTimerCreateTimerTask                    0x08002931   Thumb Code    58  timers.o(i.xTimerCreateTimerTask)
    xTimerGenericCommand                     0x080029a5   Thumb Code    98  timers.o(i.xTimerGenericCommand)
    _fp_init                                 0x08002a35   Thumb Code    10  fpinit.o(x$fpl$fpinit)
    __fplib_config_fpu_vfp                   0x08002a3d   Thumb Code     0  fpinit.o(x$fpl$fpinit)
    __fplib_config_pureend_doubles           0x08002a3d   Thumb Code     0  fpinit.o(x$fpl$fpinit)
    Region$$Table$$Base                      0x08002a40   Number         0  anon$$obj.o(Region$$Table)
    Region$$Table$$Limit                     0x08002a60   Number         0  anon$$obj.o(Region$$Table)
    StartTask_Handler                        0x20000000   Data           4  main.o(.data)
    Task1Task_Handler                        0x20000004   Data           4  main.o(.data)
    Task2Task_Handler                        0x20000008   Data           4  main.o(.data)
    SystemCoreClock                          0x2000000c   Data           4  system_stm32f4xx.o(.data)
    AHBPrescTable                            0x20000010   Data          16  system_stm32f4xx.o(.data)
    POINT_COLOR                              0x20000020   Data           2  lcd.o(.data)
    BACK_COLOR                               0x20000022   Data           2  lcd.o(.data)
    action_mode                              0x20000028   Data           1  usart.o(.data)
    com_data                                 0x20000029   Data           1  usart.o(.data)
    action_flag                              0x2000002a   Data           1  usart.o(.data)
    rxflag                                   0x2000002b   Data           1  usart.o(.data)
    overtime                                 0x2000002c   Data           1  usart.o(.data)
    BlueTooth                                0x2000002d   Data           2  usart.o(.data)
    speed_x_buf                              0x2000002f   Data           2  usart.o(.data)
    speed_y_buf                              0x20000031   Data           2  usart.o(.data)
    error                                    0x20000034   Data           4  usart.o(.data)
    speed_x                                  0x20000038   Data           4  usart.o(.data)
    speed_y                                  0x2000003c   Data           4  usart.o(.data)
    __stdout                                 0x20000040   Data           4  usart.o(.data)
    pxCurrentTCB                             0x20000044   Data           4  tasks.o(.data)
    xQueueRegistry                           0x200000b8   Data          64  queue.o(.bss)
    __libspace_start                         0x20005404   Data          96  libspace.o(.bss)
    __temporary_stack_top$libspace           0x20005464   Data           0  libspace.o(.bss)



==============================================================================

Memory Map of the image

  Image Entry point : 0x08000189

  Load Region LR_IROM1 (Base: 0x08000000, Size: 0x00002b18, Max: 0x00100000, ABSOLUTE)

    Execution Region ER_IROM1 (Exec base: 0x08000000, Load base: 0x08000000, Size: 0x00002a60, Max: 0x00100000, ABSOLUTE)

    Exec Addr    Load Addr    Size         Type   Attr      Idx    E Section Name        Object

    0x08000000   0x08000000   0x00000188   Data   RO          964    RESET               startup_stm32f40_41xxx.o
    0x08000188   0x08000188   0x00000008   Code   RO         3471  * !!!main             c_w.l(__main.o)
    0x08000190   0x08000190   0x00000034   Code   RO         3668    !!!scatter          c_w.l(__scatter.o)
    0x080001c4   0x080001c4   0x0000001a   Code   RO         3670    !!handler_copy      c_w.l(__scatter_copy.o)
    0x080001de   0x080001de   0x00000002   PAD
    0x080001e0   0x080001e0   0x0000001c   Code   RO         3672    !!handler_zi        c_w.l(__scatter_zi.o)
    0x080001fc   0x080001fc   0x00000000   Code   RO         3460    .ARM.Collect$$_printf_percent$$00000000  c_w.l(_printf_percent.o)
    0x080001fc   0x080001fc   0x00000006   Code   RO         3458    .ARM.Collect$$_printf_percent$$00000009  c_w.l(_printf_d.o)
    0x08000202   0x08000202   0x00000006   Code   RO         3456    .ARM.Collect$$_printf_percent$$00000014  c_w.l(_printf_s.o)
    0x08000208   0x08000208   0x00000004   Code   RO         3498    .ARM.Collect$$_printf_percent$$00000017  c_w.l(_printf_percent_end.o)
    0x0800020c   0x0800020c   0x00000002   Code   RO         3540    .ARM.Collect$$libinit$$00000000  c_w.l(libinit.o)
    0x0800020e   0x0800020e   0x00000004   Code   RO         3546    .ARM.Collect$$libinit$$00000001  c_w.l(libinit2.o)
    0x08000212   0x08000212   0x00000000   Code   RO         3549    .ARM.Collect$$libinit$$00000004  c_w.l(libinit2.o)
    0x08000212   0x08000212   0x00000000   Code   RO         3552    .ARM.Collect$$libinit$$0000000A  c_w.l(libinit2.o)
    0x08000212   0x08000212   0x00000000   Code   RO         3554    .ARM.Collect$$libinit$$0000000C  c_w.l(libinit2.o)
    0x08000212   0x08000212   0x00000000   Code   RO         3556    .ARM.Collect$$libinit$$0000000E  c_w.l(libinit2.o)
    0x08000212   0x08000212   0x00000000   Code   RO         3559    .ARM.Collect$$libinit$$00000011  c_w.l(libinit2.o)
    0x08000212   0x08000212   0x00000000   Code   RO         3561    .ARM.Collect$$libinit$$00000013  c_w.l(libinit2.o)
    0x08000212   0x08000212   0x00000000   Code   RO         3563    .ARM.Collect$$libinit$$00000015  c_w.l(libinit2.o)
    0x08000212   0x08000212   0x00000000   Code   RO         3565    .ARM.Collect$$libinit$$00000017  c_w.l(libinit2.o)
    0x08000212   0x08000212   0x00000000   Code   RO         3567    .ARM.Collect$$libinit$$00000019  c_w.l(libinit2.o)
    0x08000212   0x08000212   0x00000000   Code   RO         3569    .ARM.Collect$$libinit$$0000001B  c_w.l(libinit2.o)
    0x08000212   0x08000212   0x00000000   Code   RO         3571    .ARM.Collect$$libinit$$0000001D  c_w.l(libinit2.o)
    0x08000212   0x08000212   0x00000000   Code   RO         3573    .ARM.Collect$$libinit$$0000001F  c_w.l(libinit2.o)
    0x08000212   0x08000212   0x00000000   Code   RO         3575    .ARM.Collect$$libinit$$00000021  c_w.l(libinit2.o)
    0x08000212   0x08000212   0x00000000   Code   RO         3577    .ARM.Collect$$libinit$$00000023  c_w.l(libinit2.o)
    0x08000212   0x08000212   0x00000000   Code   RO         3579    .ARM.Collect$$libinit$$00000025  c_w.l(libinit2.o)
    0x08000212   0x08000212   0x00000000   Code   RO         3583    .ARM.Collect$$libinit$$0000002C  c_w.l(libinit2.o)
    0x08000212   0x08000212   0x00000000   Code   RO         3585    .ARM.Collect$$libinit$$0000002E  c_w.l(libinit2.o)
    0x08000212   0x08000212   0x00000000   Code   RO         3587    .ARM.Collect$$libinit$$00000030  c_w.l(libinit2.o)
    0x08000212   0x08000212   0x00000000   Code   RO         3589    .ARM.Collect$$libinit$$00000032  c_w.l(libinit2.o)
    0x08000212   0x08000212   0x00000002   Code   RO         3590    .ARM.Collect$$libinit$$00000033  c_w.l(libinit2.o)
    0x08000214   0x08000214   0x00000002   Code   RO         3608    .ARM.Collect$$libshutdown$$00000000  c_w.l(libshutdown.o)
    0x08000216   0x08000216   0x00000000   Code   RO         3618    .ARM.Collect$$libshutdown$$00000002  c_w.l(libshutdown2.o)
    0x08000216   0x08000216   0x00000000   Code   RO         3620    .ARM.Collect$$libshutdown$$00000004  c_w.l(libshutdown2.o)
    0x08000216   0x08000216   0x00000000   Code   RO         3622    .ARM.Collect$$libshutdown$$00000006  c_w.l(libshutdown2.o)
    0x08000216   0x08000216   0x00000000   Code   RO         3625    .ARM.Collect$$libshutdown$$00000009  c_w.l(libshutdown2.o)
    0x08000216   0x08000216   0x00000000   Code   RO         3628    .ARM.Collect$$libshutdown$$0000000C  c_w.l(libshutdown2.o)
    0x08000216   0x08000216   0x00000000   Code   RO         3630    .ARM.Collect$$libshutdown$$0000000E  c_w.l(libshutdown2.o)
    0x08000216   0x08000216   0x00000000   Code   RO         3633    .ARM.Collect$$libshutdown$$00000011  c_w.l(libshutdown2.o)
    0x08000216   0x08000216   0x00000002   Code   RO         3634    .ARM.Collect$$libshutdown$$00000012  c_w.l(libshutdown2.o)
    0x08000218   0x08000218   0x00000000   Code   RO         3487    .ARM.Collect$$rtentry$$00000000  c_w.l(__rtentry.o)
    0x08000218   0x08000218   0x00000000   Code   RO         3509    .ARM.Collect$$rtentry$$00000002  c_w.l(__rtentry2.o)
    0x08000218   0x08000218   0x00000006   Code   RO         3521    .ARM.Collect$$rtentry$$00000004  c_w.l(__rtentry4.o)
    0x0800021e   0x0800021e   0x00000000   Code   RO         3511    .ARM.Collect$$rtentry$$00000009  c_w.l(__rtentry2.o)
    0x0800021e   0x0800021e   0x00000004   Code   RO         3512    .ARM.Collect$$rtentry$$0000000A  c_w.l(__rtentry2.o)
    0x08000222   0x08000222   0x00000000   Code   RO         3514    .ARM.Collect$$rtentry$$0000000C  c_w.l(__rtentry2.o)
    0x08000222   0x08000222   0x00000008   Code   RO         3515    .ARM.Collect$$rtentry$$0000000D  c_w.l(__rtentry2.o)
    0x0800022a   0x0800022a   0x00000002   Code   RO         3544    .ARM.Collect$$rtexit$$00000000  c_w.l(rtexit.o)
    0x0800022c   0x0800022c   0x00000000   Code   RO         3592    .ARM.Collect$$rtexit$$00000002  c_w.l(rtexit2.o)
    0x0800022c   0x0800022c   0x00000004   Code   RO         3593    .ARM.Collect$$rtexit$$00000003  c_w.l(rtexit2.o)
    0x08000230   0x08000230   0x00000006   Code   RO         3594    .ARM.Collect$$rtexit$$00000004  c_w.l(rtexit2.o)
    0x08000236   0x08000236   0x00000002   PAD
    0x08000238   0x08000238   0x000000b6   Code   RO         3256    .emb_text           port.o
    0x080002ee   0x080002ee   0x00000002   PAD
    0x080002f0   0x080002f0   0x00000040   Code   RO          965    .text               startup_stm32f40_41xxx.o
    0x08000330   0x08000330   0x00000002   Code   RO         3398    .text               c_w.l(use_no_semi_2.o)
    0x08000332   0x08000332   0x00000002   PAD
    0x08000334   0x08000334   0x00000018   Code   RO         3404    .text               c_w.l(noretval__2printf.o)
    0x0800034c   0x0800034c   0x00000068   Code   RO         3408    .text               c_w.l(__printf.o)
    0x080003b4   0x080003b4   0x00000052   Code   RO         3410    .text               c_w.l(_printf_str.o)
    0x08000406   0x08000406   0x00000002   PAD
    0x08000408   0x08000408   0x00000078   Code   RO         3412    .text               c_w.l(_printf_dec.o)
    0x08000480   0x08000480   0x0000008a   Code   RO         3465    .text               c_w.l(rt_memcpy_v6.o)
    0x0800050a   0x0800050a   0x00000010   Code   RO         3467    .text               c_w.l(aeabi_memset.o)
    0x0800051a   0x0800051a   0x00000006   Code   RO         3469    .text               c_w.l(heapauxi.o)
    0x08000520   0x08000520   0x00000002   Code   RO         3485    .text               c_w.l(use_no_semi.o)
    0x08000522   0x08000522   0x000000b2   Code   RO         3488    .text               c_w.l(_printf_intcommon.o)
    0x080005d4   0x080005d4   0x00000030   Code   RO         3490    .text               c_w.l(_printf_char_common.o)
    0x08000604   0x08000604   0x0000002c   Code   RO         3494    .text               c_w.l(_printf_char.o)
    0x08000630   0x08000630   0x00000024   Code   RO         3496    .text               c_w.l(_printf_char_file.o)
    0x08000654   0x08000654   0x00000064   Code   RO         3499    .text               c_w.l(rt_memcpy_w.o)
    0x080006b8   0x080006b8   0x00000044   Code   RO         3501    .text               c_w.l(rt_memclr.o)
    0x080006fc   0x080006fc   0x00000008   Code   RO         3525    .text               c_w.l(ferror.o)
    0x08000704   0x08000704   0x0000004e   Code   RO         3529    .text               c_w.l(rt_memclr_w.o)
    0x08000752   0x08000752   0x0000004a   Code   RO         3531    .text               c_w.l(sys_stackheap_outer.o)
    0x0800079c   0x0800079c   0x00000012   Code   RO         3533    .text               c_w.l(exit.o)
    0x080007ae   0x080007ae   0x00000002   PAD
    0x080007b0   0x080007b0   0x00000008   Code   RO         3541    .text               c_w.l(libspace.o)
    0x080007b8   0x080007b8   0x00000002   Code   RO          220    i.BusFault_Handler  stm32f4xx_it.o
    0x080007ba   0x080007ba   0x00000002   Code   RO          221    i.DebugMon_Handler  stm32f4xx_it.o
    0x080007bc   0x080007bc   0x00000078   Code   RO         1016    i.GPIO_Init         stm32f4xx_gpio.o
    0x08000834   0x08000834   0x00000004   Code   RO         1024    i.GPIO_SetBits      stm32f4xx_gpio.o
    0x08000838   0x08000838   0x00000002   Code   RO          222    i.HardFault_Handler  stm32f4xx_it.o
    0x0800083a   0x0800083a   0x00000002   PAD
    0x0800083c   0x0800083c   0x00000040   Code   RO          336    i.LED_Init          led.o
    0x0800087c   0x0800087c   0x00000002   Code   RO          223    i.MemManage_Handler  stm32f4xx_it.o
    0x0800087e   0x0800087e   0x00000002   Code   RO          224    i.NMI_Handler       stm32f4xx_it.o
    0x08000880   0x08000880   0x00000014   Code   RO          972    i.NVIC_PriorityGroupConfig  misc.o
    0x08000894   0x08000894   0x00000018   Code   RO         1113    i.RCC_AHB1PeriphClockCmd  stm32f4xx_rcc.o
    0x080008ac   0x080008ac   0x000000b4   Code   RO          299    i.SetSysClock       system_stm32f4xx.o
    0x08000960   0x08000960   0x00000018   Code   RO          975    i.SysTick_CLKSourceConfig  misc.o
    0x08000978   0x08000978   0x00000014   Code   RO          760    i.SysTick_Handler   delay.o
    0x0800098c   0x0800098c   0x0000005c   Code   RO          301    i.SystemInit        system_stm32f4xx.o
    0x080009e8   0x080009e8   0x0000003c   Code   RO          356    i.TIM3_IRQHandler   timer.o
    0x08000a24   0x08000a24   0x0000003c   Code   RO          358    i.TIM5_IRQHandler   timer.o
    0x08000a60   0x08000a60   0x00000006   Code   RO         1700    i.TIM_ClearITPendingBit  stm32f4xx_tim.o
    0x08000a66   0x08000a66   0x00000018   Code   RO         1726    i.TIM_GetITStatus   stm32f4xx_tim.o
    0x08000a7e   0x08000a7e   0x00000002   PAD
    0x08000a80   0x08000a80   0x00000030   Code   RO          834    i.UART4_IRQHandler  usart.o
    0x08000ab0   0x08000ab0   0x00000010   Code   RO          835    i.UART5_IRQHandler  usart.o
    0x08000ac0   0x08000ac0   0x000000d4   Code   RO          836    i.USART1_IRQHandler  usart.o
    0x08000b94   0x08000b94   0x00000034   Code   RO          838    i.USART2_IRQHandler  usart.o
    0x08000bc8   0x08000bc8   0x00000030   Code   RO          839    i.USART3_IRQHandler  usart.o
    0x08000bf8   0x08000bf8   0x00000028   Code   RO          840    i.USART6_IRQHandler  usart.o
    0x08000c20   0x08000c20   0x0000000c   Code   RO         1504    i.USART_ClearITPendingBit  stm32f4xx_usart.o
    0x08000c2c   0x08000c2c   0x0000003e   Code   RO         1511    i.USART_GetITStatus  stm32f4xx_usart.o
    0x08000c6a   0x08000c6a   0x00000008   Code   RO         1521    i.USART_ReceiveData  stm32f4xx_usart.o
    0x08000c72   0x08000c72   0x00000008   Code   RO         1524    i.USART_SendData    stm32f4xx_usart.o
    0x08000c7a   0x08000c7a   0x00000002   Code   RO          225    i.UsageFault_Handler  stm32f4xx_it.o
    0x08000c7c   0x08000c7c   0x00000002   Code   RO          841    i._sys_exit         usart.o
    0x08000c7e   0x08000c7e   0x00000002   PAD
    0x08000c80   0x08000c80   0x00000038   Code   RO          761    i.delay_init        delay.o
    0x08000cb8   0x08000cb8   0x00000018   Code   RO          842    i.fputc             usart.o
    0x08000cd0   0x08000cd0   0x00000050   Code   RO            3    i.main              main.o
    0x08000d20   0x08000d20   0x00000070   Code   RO         2775    i.prvAddCurrentTaskToDelayedList  tasks.o
    0x08000d90   0x08000d90   0x000000d0   Code   RO         2776    i.prvAddNewTaskToReadyList  tasks.o
    0x08000e60   0x08000e60   0x00000050   Code   RO         3128    i.prvCheckForValidListAndQueue  timers.o
    0x08000eb0   0x08000eb0   0x00000054   Code   RO         2777    i.prvCheckTasksWaitingTermination  tasks.o
    0x08000f04   0x08000f04   0x00000026   Code   RO         2546    i.prvCopyDataFromQueue  queue.o
    0x08000f2a   0x08000f2a   0x0000006c   Code   RO         2547    i.prvCopyDataToQueue  queue.o
    0x08000f96   0x08000f96   0x00000014   Code   RO         2778    i.prvDeleteTCB      tasks.o
    0x08000faa   0x08000faa   0x00000002   PAD
    0x08000fac   0x08000fac   0x0000004c   Code   RO         3341    i.prvHeapInit       heap_4.o
    0x08000ff8   0x08000ff8   0x00000028   Code   RO         2779    i.prvIdleTask       tasks.o
    0x08001020   0x08001020   0x000000c0   Code   RO         2780    i.prvInitialiseNewTask  tasks.o
    0x080010e0   0x080010e0   0x0000004c   Code   RO         3342    i.prvInsertBlockIntoFreeList  heap_4.o
    0x0800112c   0x0800112c   0x00000038   Code   RO         3129    i.prvInsertTimerInActiveList  timers.o
    0x08001164   0x08001164   0x0000001a   Code   RO         2548    i.prvIsQueueEmpty   queue.o
    0x0800117e   0x0800117e   0x00000002   PAD
    0x08001180   0x08001180   0x00000090   Code   RO         2549    i.prvNotifyQueueSetContainer  queue.o
    0x08001210   0x08001210   0x00000060   Code   RO         3130    i.prvProcessExpiredTimer  timers.o
    0x08001270   0x08001270   0x000000f0   Code   RO         3131    i.prvProcessReceivedCommands  timers.o
    0x08001360   0x08001360   0x0000006c   Code   RO         3132    i.prvProcessTimerOrBlockTask  timers.o
    0x080013cc   0x080013cc   0x00000020   Code   RO         2782    i.prvResetNextTaskUnblockTime  tasks.o
    0x080013ec   0x080013ec   0x00000028   Code   RO         3133    i.prvSampleTimeNow  timers.o
    0x08001414   0x08001414   0x0000006c   Code   RO         3134    i.prvSwitchTimerLists  timers.o
    0x08001480   0x08001480   0x00000064   Code   RO         3257    i.prvTaskExitError  port.o
    0x080014e4   0x080014e4   0x00000028   Code   RO         3135    i.prvTimerTask      timers.o
    0x0800150c   0x0800150c   0x00000078   Code   RO         2550    i.prvUnlockQueue    queue.o
    0x08001584   0x08001584   0x00000114   Code   RO         3343    i.pvPortMalloc      heap_4.o
    0x08001698   0x08001698   0x00000018   Code   RO         2784    i.pvTaskIncrementMutexHeldCount  tasks.o
    0x080016b0   0x080016b0   0x0000002c   Code   RO         3258    i.pxPortInitialiseStack  port.o
    0x080016dc   0x080016dc   0x00000068   Code   RO            4    i.start_task        main.o
    0x08001744   0x08001744   0x0000000c   Code   RO            5    i.task1_task        main.o
    0x08001750   0x08001750   0x0000000c   Code   RO            6    i.task2_task        main.o
    0x0800175c   0x0800175c   0x00000024   Code   RO         2501    i.uxListRemove      list.o
    0x08001780   0x08001780   0x00000016   Code   RO         2502    i.vListInitialise   list.o
    0x08001796   0x08001796   0x00000006   Code   RO         2503    i.vListInitialiseItem  list.o
    0x0800179c   0x0800179c   0x00000030   Code   RO         2504    i.vListInsert       list.o
    0x080017cc   0x080017cc   0x00000018   Code   RO         2505    i.vListInsertEnd    list.o
    0x080017e4   0x080017e4   0x00000078   Code   RO         3260    i.vPortEnterCritical  port.o
    0x0800185c   0x0800185c   0x00000064   Code   RO         3261    i.vPortExitCritical  port.o
    0x080018c0   0x080018c0   0x0000009c   Code   RO         3344    i.vPortFree         heap_4.o
    0x0800195c   0x0800195c   0x00000020   Code   RO         3262    i.vPortSetupTimerInterrupt  port.o
    0x0800197c   0x0800197c   0x0000008c   Code   RO         3263    i.vPortValidateInterruptPriority  port.o
    0x08001a08   0x08001a08   0x00000024   Code   RO         2556    i.vQueueAddToRegistry  queue.o
    0x08001a2c   0x08001a2c   0x00000044   Code   RO         2560    i.vQueueWaitForMessageRestricted  queue.o
    0x08001a70   0x08001a70   0x0000006c   Code   RO         2792    i.vTaskDelay        tasks.o
    0x08001adc   0x08001adc   0x000000cc   Code   RO         2794    i.vTaskDelete       tasks.o
    0x08001ba8   0x08001ba8   0x0000000c   Code   RO         2798    i.vTaskMissedYield  tasks.o
    0x08001bb4   0x08001bb4   0x00000054   Code   RO         2800    i.vTaskPlaceOnEventList  tasks.o
    0x08001c08   0x08001c08   0x0000005c   Code   RO         2801    i.vTaskPlaceOnEventListRestricted  tasks.o
    0x08001c64   0x08001c64   0x00000084   Code   RO         2803    i.vTaskPriorityInherit  tasks.o
    0x08001ce8   0x08001ce8   0x00000048   Code   RO         2807    i.vTaskSetTimeOutState  tasks.o
    0x08001d30   0x08001d30   0x00000094   Code   RO         2808    i.vTaskStartScheduler  tasks.o
    0x08001dc4   0x08001dc4   0x00000010   Code   RO         2810    i.vTaskSuspendAll   tasks.o
    0x08001dd4   0x08001dd4   0x0000007c   Code   RO         2811    i.vTaskSwitchContext  tasks.o
    0x08001e50   0x08001e50   0x00000114   Code   RO         3264    i.xPortStartScheduler  port.o
    0x08001f64   0x08001f64   0x0000002c   Code   RO         3265    i.xPortSysTickHandler  port.o
    0x08001f90   0x08001f90   0x00000078   Code   RO         2565    i.xQueueGenericCreate  queue.o
    0x08002008   0x08002008   0x00000184   Code   RO         2566    i.xQueueGenericReceive  queue.o
    0x0800218c   0x0800218c   0x000000a8   Code   RO         2567    i.xQueueGenericReset  queue.o
    0x08002234   0x08002234   0x00000188   Code   RO         2568    i.xQueueGenericSend  queue.o
    0x080023bc   0x080023bc   0x000000e0   Code   RO         2569    i.xQueueGenericSendFromISR  queue.o
    0x0800249c   0x0800249c   0x00000088   Code   RO         2812    i.xTaskCheckForTimeOut  tasks.o
    0x08002524   0x08002524   0x00000056   Code   RO         2813    i.xTaskCreate       tasks.o
    0x0800257a   0x0800257a   0x00000002   PAD
    0x0800257c   0x0800257c   0x0000001c   Code   RO         2817    i.xTaskGetSchedulerState  tasks.o
    0x08002598   0x08002598   0x0000000c   Code   RO         2818    i.xTaskGetTickCount  tasks.o
    0x080025a4   0x080025a4   0x000000e8   Code   RO         2820    i.xTaskIncrementTick  tasks.o
    0x0800268c   0x0800268c   0x000000b4   Code   RO         2823    i.xTaskPriorityDisinherit  tasks.o
    0x08002740   0x08002740   0x00000098   Code   RO         2824    i.xTaskRemoveFromEventList  tasks.o
    0x080027d8   0x080027d8   0x000000e4   Code   RO         2826    i.xTaskResumeAll    tasks.o
    0x080028bc   0x080028bc   0x00000074   Code   RO         3138    i.xTimerCreate      timers.o
    0x08002930   0x08002930   0x00000074   Code   RO         3139    i.xTimerCreateTimerTask  timers.o
    0x080029a4   0x080029a4   0x00000090   Code   RO         3140    i.xTimerGenericCommand  timers.o
    0x08002a34   0x08002a34   0x0000000a   Code   RO         3600    x$fpl$fpinit        fz_wm.l(fpinit.o)
    0x08002a3e   0x08002a3e   0x00000002   PAD
    0x08002a40   0x08002a40   0x00000020   Data   RO         3666    Region$$Table       anon$$obj.o


    Execution Region RW_IRAM1 (Exec base: 0x20000000, Load base: 0x08002a60, Size: 0x00005a68, Max: 0x00020000, ABSOLUTE)

    Exec Addr    Load Addr    Size         Type   Attr      Idx    E Section Name        Object

    0x20000000   0x08002a60   0x0000000c   Data   RW            7    .data               main.o
    0x2000000c   0x08002a6c   0x00000014   Data   RW          302    .data               system_stm32f4xx.o
    0x20000020   0x08002a80   0x00000004   Data   RW          427    .data               lcd.o
    0x20000024   0x08002a84   0x00000004   Data   RW          765    .data               delay.o
    0x20000028   0x08002a88   0x00000018   Data   RW          853    .data               usart.o
    0x20000040   0x08002aa0   0x00000004   Data   RW          856    .data               usart.o
    0x20000044   0x08002aa4   0x0000003c   Data   RW         2829    .data               tasks.o
    0x20000080   0x08002ae0   0x00000014   Data   RW         3148    .data               timers.o
    0x20000094   0x08002af4   0x0000000c   Data   RW         3266    .data               port.o
    0x200000a0   0x08002b00   0x00000018   Data   RW         3349    .data               heap_4.o
    0x200000b8        -       0x00000040   Zero   RW         2580    .bss                queue.o
    0x200000f8        -       0x000002e4   Zero   RW         2828    .bss                tasks.o
    0x200003dc        -       0x00000028   Zero   RW         3147    .bss                timers.o
    0x20000404        -       0x00005000   Zero   RW         3348    .bss                heap_4.o
    0x20005404        -       0x00000060   Zero   RW         3542    .bss                c_w.l(libspace.o)
    0x20005464   0x08002b18   0x00000004   PAD
    0x20005468        -       0x00000200   Zero   RW          963    HEAP                startup_stm32f40_41xxx.o
    0x20005668        -       0x00000400   Zero   RW          962    STACK               startup_stm32f40_41xxx.o


==============================================================================

Image component sizes


      Code (inc. data)   RO Data    RW Data    ZI Data      Debug   Object Name

        76          6          0          4          0       1279   delay.o
         0          0          0          0          0      10216   event_groups.o
       584        138          0         24      20480       3999   heap_4.o
         0          0          0          4          0       3618   lcd.o
        64          6          0          0          0        523   led.o
       136          0          0          0          0       3074   list.o
       208         62          0         12          0     276794   main.o
        44         10          0          0          0       1053   misc.o
      1038        382          0         12          0      10601   port.o
      1832        236          0          0         64      15557   queue.o
        64         26        392          0       1536        824   startup_stm32f40_41xxx.o
       124          0          0          0          0       1587   stm32f4xx_gpio.o
        12          0          0          0          0       2581   stm32f4xx_it.o
        24          6          0          0          0        585   stm32f4xx_rcc.o
        30          0          0          0          0       2741   stm32f4xx_tim.o
        90          0          0          0          0       3155   stm32f4xx_usart.o
       272         36          0         20          0       1689   system_stm32f4xx.o
      2758        670          0         60        740      29215   tasks.o
       120         52          0          0          0       1012   timer.o
      1144        260          0         20         40       9730   timers.o
       442         40          0         28          0       6950   usart.o

    ----------------------------------------------------------------------
      9076       1930        424        184      22860     386783   Object Totals
         0          0         32          0          0          0   (incl. Generated)
        14          0          0          0          0          0   (incl. Padding)

    ----------------------------------------------------------------------

      Code (inc. data)   RO Data    RW Data    ZI Data      Debug   Library Member Name

         8          0          0          0          0         68   __main.o
       104          0          0          0          0         84   __printf.o
         0          0          0          0          0          0   __rtentry.o
        12          0          0          0          0          0   __rtentry2.o
         6          0          0          0          0          0   __rtentry4.o
        52          8          0          0          0          0   __scatter.o
        26          0          0          0          0          0   __scatter_copy.o
        28          0          0          0          0          0   __scatter_zi.o
        44          0          0          0          0        108   _printf_char.o
        48          6          0          0          0         96   _printf_char_common.o
        36          4          0          0          0         80   _printf_char_file.o
         6          0          0          0          0          0   _printf_d.o
       120         16          0          0          0         92   _printf_dec.o
       178          0          0          0          0         88   _printf_intcommon.o
         0          0          0          0          0          0   _printf_percent.o
         4          0          0          0          0          0   _printf_percent_end.o
         6          0          0          0          0          0   _printf_s.o
        82          0          0          0          0         80   _printf_str.o
        16          0          0          0          0         68   aeabi_memset.o
        18          0          0          0          0         80   exit.o
         8          0          0          0          0         68   ferror.o
         6          0          0          0          0        152   heapauxi.o
         2          0          0          0          0          0   libinit.o
         6          0          0          0          0          0   libinit2.o
         2          0          0          0          0          0   libshutdown.o
         2          0          0          0          0          0   libshutdown2.o
         8          4          0          0         96         68   libspace.o
        24          4          0          0          0         84   noretval__2printf.o
        68          0          0          0          0         68   rt_memclr.o
        78          0          0          0          0         80   rt_memclr_w.o
       138          0          0          0          0         68   rt_memcpy_v6.o
       100          0          0          0          0         80   rt_memcpy_w.o
         2          0          0          0          0          0   rtexit.o
        10          0          0          0          0          0   rtexit2.o
        74          0          0          0          0         80   sys_stackheap_outer.o
         2          0          0          0          0         68   use_no_semi.o
         2          0          0          0          0         68   use_no_semi_2.o
        10          0          0          0          0        116   fpinit.o

    ----------------------------------------------------------------------
      1348         42          0          0        100       1844   Library Totals
        12          0          0          0          4          0   (incl. Padding)

    ----------------------------------------------------------------------

      Code (inc. data)   RO Data    RW Data    ZI Data      Debug   Library Name

      1326         42          0          0         96       1728   c_w.l
        10          0          0          0          0        116   fz_wm.l

    ----------------------------------------------------------------------
      1348         42          0          0        100       1844   Library Totals

    ----------------------------------------------------------------------

==============================================================================


      Code (inc. data)   RO Data    RW Data    ZI Data      Debug   

     10424       1972        424        184      22960     378143   Grand Totals
     10424       1972        424        184      22960     378143   ELF Image Totals
     10424       1972        424        184          0          0   ROM Totals

==============================================================================

    Total RO  Size (Code + RO Data)                10848 (  10.59kB)
    Total RW  Size (RW Data + ZI Data)             23144 (  22.60kB)
    Total ROM Size (Code + RO Data + RW Data)      11032 (  10.77kB)

==============================================================================

