<html>
<body>
<pre>
<h1>礦ision Build Log</h1>
<h2>Tool Versions:</h2>
IDE-Version: μVision V5.35.0.0
Copyright (C) 2021 ARM Ltd and ARM Germany GmbH. All rights reserved.
License Information: 123 123, 123123, LIC=RC93N-YCLW9-DYUV3-ADMIR-KADN6-QYDQU
 
Tool Versions:
Toolchain:       MDK-ARM Plus  Version: 5.35.0.2
Toolchain Path:  C:\Keil_v5\ARM\ARMCC\Bin
C Compiler:      Armcc.exe V5.06 update 7 (build 960)
Assembler:       Armasm.exe V5.06 update 7 (build 960)
Linker/Locator:  ArmLink.exe V5.06 update 7 (build 960)
Library Manager: ArmAr.exe V5.06 update 7 (build 960)
Hex Converter:   FromElf.exe V5.06 update 7 (build 960)
CPU DLL:         SARMCM3.DLL V5.35.0.2
Dialog DLL:      DCM.DLL V1.17.3.0
Target DLL:      STLink\ST-LINKIII-KEIL_SWO.dll V3.0.9.0
Dialog DLL:      TCM.DLL V1.53.0.0
 
<h2>Project:</h2>
C:\Users\23827\Desktop\shixun\USER\FreeRTOS.uvprojx
Project File Date:  04/28/2023

<h2>Output:</h2>
*** Using Compiler 'V5.06 update 7 (build 960)', folder: 'C:\Keil_v5\ARM\ARMCC\Bin'
Rebuild target 'FreeRTOS'
compiling system_stm32f4xx.c...
compiling timer.c...
compiling led.c...
compiling stm32f4xx_it.c...
compiling Servo.c...
compiling main.c...
..\HARDWARE\Moto\Moto.h(14): warning:  #1295-D: Deprecated declaration motor_init - give arg types
  void motor_init();
..\HARDWARE\Moto\Moto.h(16): warning:  #1295-D: Deprecated declaration TB6612FNG_IO_init - give arg types
  void TB6612FNG_IO_init();		//双TB6612FNG驱动IO初始化
..\HARDWARE\Serial\Serial.h(10): warning:  #1-D: last line of file ends without a newline
  #endif
main.c(87): warning:  #177-D: variable "task1_num"  was declared but never referenced
  	u8 task1_num=0;
main.c: 4 warnings, 0 errors
compiling lcd.c...
assembling startup_stm32f40_41xxx.s...
compiling sys.c...
compiling Voice.c...
..\HARDWARE\Voice\Voice.c(24): warning:  #223-D: function "usart6_init" declared implicitly
  	usart6_init(9600);//语音播报
..\HARDWARE\Voice\Voice.c: 1 warning, 0 errors
compiling Serial.c...
..\HARDWARE\Serial\Serial.h(10): warning:  #1-D: last line of file ends without a newline
  #endif
..\HARDWARE\Serial\Serial.c(8): warning:  #177-D: variable "NVIC_InitStructure"  was declared but never referenced
  	NVIC_InitTypeDef NVIC_InitStructure;
..\HARDWARE\Serial\Serial.c: 2 warnings, 0 errors
compiling Moto.c...
..\HARDWARE\Moto\Moto.h(14): warning:  #1295-D: Deprecated declaration motor_init - give arg types
  void motor_init();
..\HARDWARE\Moto\Moto.h(16): warning:  #1295-D: Deprecated declaration TB6612FNG_IO_init - give arg types
  void TB6612FNG_IO_init();		//双TB6612FNG驱动IO初始化
..\HARDWARE\Moto\Moto.c: 2 warnings, 0 errors
compiling delay.c...
compiling usart.c...
..\SYSTEM\usart\usart.c(123): warning:  #177-D: variable "i"  was declared but never referenced
  	int i;
..\SYSTEM\usart\usart.c(480): warning:  #550-D: variable "res"  was set but never used
  	uint8_t res;	      
..\SYSTEM\usart\usart.c: 2 warnings, 0 errors
compiling misc.c...
compiling stm32f4xx_gpio.c...
compiling stm32f4xx_syscfg.c...
compiling stm32f4xx_usart.c...
compiling stm32f4xx_rcc.c...
compiling stm32f4xx_fsmc.c...
compiling stm32f4xx_tim.c...
compiling croutine.c...
compiling list.c...
compiling event_groups.c...
compiling queue.c...
compiling timers.c...
compiling port.c...
compiling tasks.c...
compiling heap_4.c...
linking...
Program Size: Code=10424 RO-data=424 RW-data=184 ZI-data=22960  
FromELF: creating hex file...
"..\OBJ\LED.axf" - 0 Error(s), 11 Warning(s).

<h2>Software Packages used:</h2>

Package Vendor: Keil
                http://www.keil.com/pack/Keil.STM32F4xx_DFP.2.16.0.pack
                Keil.STM32F4xx_DFP.2.16.0
                STMicroelectronics STM32F4 Series Device Support, Drivers and Examples

<h2>Collection of Component include folders:</h2>
  C:\Users\23827\AppData\Local\Arm\Packs\Keil\STM32F4xx_DFP\2.16.0\Drivers\CMSIS\Device\ST\STM32F4xx\Include

<h2>Collection of Component Files used:</h2>
Build Time Elapsed:  00:00:05
</pre>
</body>
</html>
